Archive member included to satisfy reference by file (symbol)

app/libapp.a(main.c.obj)      (--whole-archive)
zephyr/libzephyr.a(cbprintf.c.obj)
                              (--whole-archive)
zephyr/libzephyr.a(cbprintf_packaged.c.obj)
                              (--whole-archive)
zephyr/libzephyr.a(crc32c_sw.c.obj)
                              (--whole-archive)
zephyr/libzephyr.a(crc32_sw.c.obj)
                              (--whole-archive)
zephyr/libzephyr.a(crc16_sw.c.obj)
                              (--whole-archive)
zephyr/libzephyr.a(crc8_sw.c.obj)
                              (--whole-archive)
zephyr/libzephyr.a(crc7_sw.c.obj)
                              (--whole-archive)
zephyr/libzephyr.a(dec.c.obj)
                              (--whole-archive)
zephyr/libzephyr.a(fdtable.c.obj)
                              (--whole-archive)
zephyr/libzephyr.a(hex.c.obj)
                              (--whole-archive)
zephyr/libzephyr.a(notify.c.obj)
                              (--whole-archive)
zephyr/libzephyr.a(printk.c.obj)
                              (--whole-archive)
zephyr/libzephyr.a(onoff.c.obj)
                              (--whole-archive)
zephyr/libzephyr.a(rb.c.obj)  (--whole-archive)
zephyr/libzephyr.a(sem.c.obj)
                              (--whole-archive)
zephyr/libzephyr.a(thread_entry.c.obj)
                              (--whole-archive)
zephyr/libzephyr.a(timeutil.c.obj)
                              (--whole-archive)
zephyr/libzephyr.a(heap.c.obj)
                              (--whole-archive)
zephyr/libzephyr.a(heap-validate.c.obj)
                              (--whole-archive)
zephyr/libzephyr.a(bitarray.c.obj)
                              (--whole-archive)
zephyr/libzephyr.a(multi_heap.c.obj)
                              (--whole-archive)
zephyr/libzephyr.a(cbprintf_complete.c.obj)
                              (--whole-archive)
zephyr/libzephyr.a(assert.c.obj)
                              (--whole-archive)
zephyr/libzephyr.a(reboot.c.obj)
                              (--whole-archive)
zephyr/libzephyr.a(configs.c.obj)
                              (--whole-archive)
zephyr/libzephyr.a(soc.c.obj)
                              (--whole-archive)
zephyr/libzephyr.a(power.c.obj)
                              (--whole-archive)
zephyr/libzephyr.a(soc_nrf_common.S.obj)
                              (--whole-archive)
zephyr/libzephyr.a(validate_base_addresses.c.obj)
                              (--whole-archive)
zephyr/libzephyr.a(validate_enabled_instances.c.obj)
                              (--whole-archive)
zephyr/libzephyr.a(cpp_init.c.obj)
                              (--whole-archive)
zephyr/libzephyr.a(cpp_init_array.c.obj)
                              (--whole-archive)
zephyr/libzephyr.a(cpp_ctors.c.obj)
                              (--whole-archive)
zephyr/libzephyr.a(cpp_dtors.c.obj)
                              (--whole-archive)
zephyr/libzephyr.a(pm.c.obj)  (--whole-archive)
zephyr/libzephyr.a(policy.c.obj)
                              (--whole-archive)
zephyr/libzephyr.a(state.c.obj)
                              (--whole-archive)
zephyr/libzephyr.a(tracing_none.c.obj)
                              (--whole-archive)
zephyr/libzephyr.a(nrf_cc3xx_platform_abort_zephyr.c.obj)
                              (--whole-archive)
zephyr/libzephyr.a(nrf_cc3xx_platform_mutex_zephyr.c.obj)
                              (--whole-archive)
zephyr/arch/common/libarch__common.a(sw_isr_common.c.obj)
                              (--whole-archive)
zephyr/arch/arch/arm/core/aarch32/libarch__arm__core__aarch32.a(cpu_idle.S.obj)
                              (--whole-archive)
zephyr/arch/arch/arm/core/aarch32/libarch__arm__core__aarch32.a(fatal.c.obj)
                              (--whole-archive)
zephyr/arch/arch/arm/core/aarch32/libarch__arm__core__aarch32.a(irq_manage.c.obj)
                              (--whole-archive)
zephyr/arch/arch/arm/core/aarch32/libarch__arm__core__aarch32.a(nmi.c.obj)
                              (--whole-archive)
zephyr/arch/arch/arm/core/aarch32/libarch__arm__core__aarch32.a(nmi_on_reset.S.obj)
                              (--whole-archive)
zephyr/arch/arch/arm/core/aarch32/libarch__arm__core__aarch32.a(prep_c.c.obj)
                              (--whole-archive)
zephyr/arch/arch/arm/core/aarch32/libarch__arm__core__aarch32.a(swap.c.obj)
                              (--whole-archive)
zephyr/arch/arch/arm/core/aarch32/libarch__arm__core__aarch32.a(swap_helper.S.obj)
                              (--whole-archive)
zephyr/arch/arch/arm/core/aarch32/libarch__arm__core__aarch32.a(thread.c.obj)
                              (--whole-archive)
zephyr/arch/arch/arm/core/aarch32/libarch__arm__core__aarch32.a(isr_wrapper.S.obj)
                              (--whole-archive)
zephyr/arch/arch/arm/core/aarch32/libarch__arm__core__aarch32.a(__aeabi_atexit.c.obj)
                              (--whole-archive)
[...]
Memory Configuration

Name             Origin             Length             Attributes
FLASH            0x0000000000000000 0x0000000000100000 xr
SRAM             0x0000000020000000 0x0000000000070000 xw
IDT_LIST         0x00000000fffff7ff 0x0000000000000800 xw
*default*        0x0000000000000000 0xffffffffffffffff

Linker script and memory map

LOAD zephyr/CMakeFiles/zephyr_pre1.dir/misc/empty_file.c.obj
LOAD zephyr/CMakeFiles/zephyr_pre1.dir/dev_handles.c.obj
                0x0000000000000020                _region_min_align = 0x20

.rel.plt        0x0000000000000000        0x0
 *(SORT_BY_ALIGNMENT(.rel.plt))
                [!provide]                        PROVIDE (__rel_iplt_start = .)
 *(SORT_BY_ALIGNMENT(.rel.iplt))
 .rel.iplt      0x0000000000000000        0x0 app/libapp.a(main.c.obj)
                [!provide]                        PROVIDE (__rel_iplt_end = .)

.rela.plt       0x0000000000000000        0x0
 *(SORT_BY_ALIGNMENT(.rela.plt))
                [!provide]                        PROVIDE (__rela_iplt_start = .)
 *(SORT_BY_ALIGNMENT(.rela.iplt))
                [!provide]                        PROVIDE (__rela_iplt_end = .)

.rel.dyn
 *(SORT_BY_ALIGNMENT(.rel.*))

.rela.dyn
 *(SORT_BY_ALIGNMENT(.rela.*))

/DISCARD/
 *(SORT_BY_ALIGNMENT(.plt))
 *(SORT_BY_ALIGNMENT(.iplt))
 *(SORT_BY_ALIGNMENT(.got.plt))
 *(SORT_BY_ALIGNMENT(.igot.plt))
 *(SORT_BY_ALIGNMENT(.got))
 *(SORT_BY_ALIGNMENT(.igot))
 *(SORT_BY_ALIGNMENT(.note.GNU-stack))
                0x0000000000000000                __rom_region_start = 0x0

rom_start       0x0000000000000000      0x154
                0x0000000000000000                . = 0x0
                0x0000000000000000                . = ALIGN (0x4)
                0x0000000000000000                . = ALIGN (0x80)
                0x0000000000000000                . = ALIGN (0x200)
                0x0000000000000000                _vector_start = .
 *(SORT_BY_ALIGNMENT(.exc_vector_table))
 *(SORT_BY_ALIGNMENT(.exc_vector_table.*))
 .exc_vector_table._vector_table_section
                0x0000000000000000       0x40 zephyr/arch/arch/arm/core/aarch32/cortex_m/libarch__arm__core__aarch32__cortex_m.a(vector_table.S.obj)
                0x0000000000000000                _vector_table
 *(SORT_BY_ALIGNMENT(.gnu.linkonce.irq_vector_table*))
 .gnu.linkonce.irq_vector_table
                0x0000000000000040      0x114 zephyr/arch/common/libisr_tables.a(isr_tables.c.obj)
                0x0000000000000040                _irq_vector_table
 *(SORT_BY_ALIGNMENT(.vectors))
                0x0000000000000154                _vector_end = .

text            0x0000000000000158    0x15630
                0x0000000000000158                __text_region_start = .
 *(SORT_BY_ALIGNMENT(.text))
 .text          0x0000000000000158      0x378 /home/inventeaza/ncs/toolchains/v2.0.0/opt/zephyr-sdk/arm-zephyr-eabi/bin/../lib/gcc/arm-zephyr-eabi/10.3.0/thumb/v8-m.main+fp/hard/libgcc.a(_arm_addsubdf3.o)
                0x0000000000000158                __aeabi_drsub
                0x0000000000000160                __aeabi_dsub
                0x0000000000000160                __subdf3
                0x0000000000000164                __adddf3
                0x0000000000000164                __aeabi_dadd
                0x00000000000003dc                __aeabi_ui2d
                0x00000000000003dc                __floatunsidf
                0x00000000000003fc                __floatsidf
                0x00000000000003fc                __aeabi_i2d
                0x0000000000000420                __extendsfdf2
                0x0000000000000420                __aeabi_f2d
                0x0000000000000464                __aeabi_ul2d
                0x0000000000000464                __floatundidf
                0x0000000000000474                __floatdidf
                0x0000000000000474                __aeabi_l2d
 .text          0x00000000000004d0      0x424 /home/inventeaza/ncs/toolchains/v2.0.0/opt/zephyr-sdk/arm-zephyr-eabi/bin/../lib/gcc/arm-zephyr-eabi/10.3.0/thumb/v8-m.main+fp/hard/libgcc.a(_arm_muldivdf3.o)
                0x00000000000004d0                __aeabi_dmul
                0x00000000000004d0                __muldf3
                0x0000000000000724                __aeabi_ddiv
                0x0000000000000724                __divdf3
 .text          0x00000000000008f4      0x110 /home/inventeaza/ncs/toolchains/v2.0.0/opt/zephyr-sdk/arm-zephyr-eabi/bin/../lib/gcc/arm-zephyr-eabi/10.3.0/thumb/v8-m.main+fp/hard/libgcc.a(_arm_cmpdf2.o)
                0x00000000000008f4                __gtdf2
                0x00000000000008f4                __gedf2
                0x00000000000008fc                __ltdf2
                0x00000000000008fc                __ledf2
                0x0000000000000904                __cmpdf2
                0x0000000000000904                __eqdf2
                0x0000000000000904                __nedf2
                0x0000000000000980                __aeabi_cdrcmple
                0x0000000000000990                __aeabi_cdcmple
                0x0000000000000990                __aeabi_cdcmpeq
                0x00000000000009a0                __aeabi_dcmpeq
                0x00000000000009b4                __aeabi_dcmplt
                0x00000000000009c8                __aeabi_dcmple
                0x00000000000009dc                __aeabi_dcmpge
                0x00000000000009f0                __aeabi_dcmpgt
 .text          0x0000000000000a04       0xa0 /home/inventeaza/ncs/toolchains/v2.0.0/opt/zephyr-sdk/arm-zephyr-eabi/bin/../lib/gcc/arm-zephyr-eabi/10.3.0/thumb/v8-m.main+fp/hard/libgcc.a(_arm_truncdfsf2.o)
                0x0000000000000a04                __aeabi_d2f
                0x0000000000000a04                __truncdfsf2
 .text          0x0000000000000aa4       0xa0 /home/inventeaza/ncs/toolchains/v2.0.0/opt/zephyr-sdk/arm-zephyr-eabi/bin/../lib/gcc/arm-zephyr-eabi/10.3.0/thumb/v8-m.main+fp/hard/libgcc.a(_aeabi_ldivmod.o)
                0x0000000000000aa4                __aeabi_ldivmod
 .text          0x0000000000000b44       0x30 /home/inventeaza/ncs/toolchains/v2.0.0/opt/zephyr-sdk/arm-zephyr-eabi/bin/../lib/gcc/arm-zephyr-eabi/10.3.0/thumb/v8-m.main+fp/hard/libgcc.a(_aeabi_uldivmod.o)
                0x0000000000000b44                __aeabi_uldivmod
 .text          0x0000000000000b74       0x3c /home/inventeaza/ncs/toolchains/v2.0.0/opt/zephyr-sdk/arm-zephyr-eabi/bin/../lib/gcc/arm-zephyr-eabi/10.3.0/thumb/v8-m.main+fp/hard/libgcc.a(_fixunsdfdi.o)
                0x0000000000000b74                __aeabi_d2ulz
                0x0000000000000b74                __fixunsdfdi
 .text          0x0000000000000bb0        0x4 /home/inventeaza/ncs/toolchains/v2.0.0/opt/zephyr-sdk/arm-zephyr-eabi/bin/../lib/gcc/arm-zephyr-eabi/10.3.0/thumb/v8-m.main+fp/hard/libgcc.a(_dvmd_tls.o)
                0x0000000000000bb0                __aeabi_ldiv0
                0x0000000000000bb0                __aeabi_idiv0
 .text          0x0000000000000bb4       0x40 /home/inventeaza/ncs/toolchains/v2.0.0/opt/zephyr-sdk/arm-zephyr-eabi/bin/../lib/gcc/arm-zephyr-eabi/10.3.0/thumb/v8-m.main+fp/hard/libgcc.a(_arm_fixunsdfsi.o)
                0x0000000000000bb4                __fixunsdfsi
                0x0000000000000bb4                __aeabi_d2uiz
 .text          0x0000000000000bf4       0x2c /home/inventeaza/ncs/toolchains/v2.0.0/opt/zephyr-sdk/arm-zephyr-eabi/bin/../lib/gcc/arm-zephyr-eabi/10.3.0/thumb/v8-m.main+fp/hard/libgcc.a(_arm_unorddf2.o)
                0x0000000000000bf4                __aeabi_dcmpun
                0x0000000000000bf4                __unorddf2
 .text          0x0000000000000c20       0x50 /home/inventeaza/ncs/toolchains/v2.0.0/opt/zephyr-sdk/arm-zephyr-eabi/bin/../lib/gcc/arm-zephyr-eabi/10.3.0/thumb/v8-m.main+fp/hard/libgcc.a(_arm_fixdfsi.o)
                0x0000000000000c20                __fixdfsi
                0x0000000000000c20                __aeabi_d2iz
 .text          0x0000000000000c70       0x2e /home/inventeaza/ncs/toolchains/v2.0.0/opt/zephyr-sdk/arm-zephyr-eabi/bin/../lib/gcc/arm-zephyr-eabi/10.3.0/thumb/v8-m.main+fp/hard/libgcc.a(_fixdfdi.o)
                0x0000000000000c70                __aeabi_d2lz
                0x0000000000000c70                __fixdfdi
 .text          0x0000000000000c9e      0x2a8 /home/inventeaza/ncs/toolchains/v2.0.0/opt/zephyr-sdk/arm-zephyr-eabi/bin/../lib/gcc/arm-zephyr-eabi/10.3.0/thumb/v8-m.main+fp/hard/libgcc.a(_udivmoddi4.o)
                0x0000000000000c9e                __udivmoddi4
 .text          0x0000000000000f46       0x14 /home/inventeaza/ncs/toolchains/v2.0.0/opt/zephyr-sdk/arm-zephyr-eabi/arm-zephyr-eabi/lib/thumb/v8-m.main+fp/hard/libc_nano.a(lib_a-strcmp.o)
                0x0000000000000f46                strcmp
 .text          0x0000000000000f5a       0x10 /home/inventeaza/ncs/toolchains/v2.0.0/opt/zephyr-sdk/arm-zephyr-eabi/arm-zephyr-eabi/lib/thumb/v8-m.main+fp/hard/libc_nano.a(lib_a-strlen.o)
                0x0000000000000f5a                strlen
 *(SORT_BY_ALIGNMENT(.text.*))
 *fill*         0x0000000000000f6a        0x6 
 .text.cbvprintf
                0x0000000000000f70      0xcd0 zephyr/libzephyr.a(cbprintf_complete.c.obj)
                0x0000000000000f70                cbvprintf
 .text._ZN2ei5numpy4rfftEPKfjPfjj
                0x0000000000001c40      0x144 modules/nrf/lib/edge_impulse/libei_wrapper.a(ei_wrapper.cpp.obj)
                0x0000000000001c40                ei::numpy::rfft(float const*, unsigned int, float*, unsigned int, unsigned int)
 *fill*         0x0000000000001d84        0x4 
 .text._ZN2ei8spectral7feature17spectral_analysisEPNS_9ei_matrixES3_fNS0_8filter_tEfhthfS3_
                0x0000000000001d88      0xb58 modules/nrf/lib/edge_impulse/libei_wrapper.a(ei_wrapper.cpp.obj)
                0x0000000000001d88                ei::spectral::feature::spectral_analysis(ei::ei_matrix*, ei::ei_matrix*, float, ei::spectral::filter_t, float, unsigned char, unsigned short, unsigned char, float, ei::ei_matrix*)
 .text.kiss_fftr_alloc
                0x00000000000028e0      0x1b0 edge_impulse/src/edge_impulse_project-build/libedge_impulse.a(kiss_fftr.cpp.o)
                0x00000000000028e0                kiss_fftr_alloc
 .text.kiss_fft_alloc
                0x0000000000002a90      0x190 edge_impulse/src/edge_impulse_project-build/libedge_impulse.a(kiss_fft.cpp.o)
                0x0000000000002a90                kiss_fft_alloc
 .text._ZN6tflite14SoftmaxPrepareEP13TfLiteContextP10TfLiteNode
                0x0000000000002c20      0x46c edge_impulse/src/edge_impulse_project-build/libedge_impulse.a(softmax_common.cc.o)
                0x0000000000002c20                tflite::SoftmaxPrepare(TfLiteContext*, TfLiteNode*)
 *fill*         0x000000000000308c        0x4 
 .text._ZN6tflite24PreprocessSoftmaxScalingEddiPiS0_
                0x0000000000003090       0x78 edge_impulse/src/edge_impulse_project-build/libedge_impulse.a(quantization_util.cc.o)
                0x0000000000003090                tflite::PreprocessSoftmaxScaling(double, double, int, int*, int*)
 .text._ZN6tflite32GetQuantizedConvolutionMultiplerEP13TfLiteContextPK12TfLiteTensorS4_S4_PS2_Pd
                0x0000000000003108       0xac edge_impulse/src/edge_impulse_project-build/libedge_impulse.a(kernel_util_lite.cc.o)
                0x0000000000003108                tflite::GetQuantizedConvolutionMultipler(TfLiteContext*, TfLiteTensor const*, TfLiteTensor const*, TfLiteTensor const*, TfLiteTensor*, double*)
 *fill*         0x00000000000031b4        0x4 
 .text.cos      0x00000000000031b8       0xa8 /home/inventeaza/ncs/toolchains/v2.0.0/opt/zephyr-sdk/arm-zephyr-eabi/arm-zephyr-eabi/lib/thumb/v8-m.main+fp/hard/libm_nano.a(lib_a-s_cos.o)
                0x00000000000031b8                cos
 .text.floor    0x0000000000003260      0x108 /home/inventeaza/ncs/toolchains/v2.0.0/opt/zephyr-sdk/arm-zephyr-eabi/arm-zephyr-eabi/lib/thumb/v8-m.main+fp/hard/libm_nano.a(lib_a-s_floor.o)
                0x0000000000003260                floor
 .text.sin      0x0000000000003368       0xb0 /home/inventeaza/ncs/toolchains/v2.0.0/opt/zephyr-sdk/arm-zephyr-eabi/arm-zephyr-eabi/lib/thumb/v8-m.main+fp/hard/libm_nano.a(lib_a-s_sin.o)
                0x0000000000003368                sin
 .text.tan      0x0000000000003418       0x68 /home/inventeaza/ncs/toolchains/v2.0.0/opt/zephyr-sdk/arm-zephyr-eabi/arm-zephyr-eabi/lib/thumb/v8-m.main+fp/hard/libm_nano.a(lib_a-s_tan.o)
                0x0000000000003418                tan
 .text.__ieee754_pow
                0x0000000000003480      0xa3c /home/inventeaza/ncs/toolchains/v2.0.0/opt/zephyr-sdk/arm-zephyr-eabi/arm-zephyr-eabi/lib/thumb/v8-m.main+fp/hard/libm_nano.a(lib_a-e_pow.o)
                0x0000000000003480                __ieee754_pow
 *fill*         0x0000000000003ebc        0x4 
 .text.__ieee754_rem_pio2
                0x0000000000003ec0      0x418 /home/inventeaza/ncs/toolchains/v2.0.0/opt/zephyr-sdk/arm-zephyr-eabi/arm-zephyr-eabi/lib/thumb/v8-m.main+fp/hard/libm_nano.a(lib_a-e_rem_pio2.o)
                0x0000000000003ec0                __ieee754_rem_pio2
 .text.__kernel_cos
                0x00000000000042d8      0x18c /home/inventeaza/ncs/toolchains/v2.0.0/opt/zephyr-sdk/arm-zephyr-eabi/arm-zephyr-eabi/lib/thumb/v8-m.main+fp/hard/libm_nano.a(lib_a-k_cos.o)
                0x00000000000042d8                __kernel_cos
 *fill*         0x0000000000004464        0x4 
 .text.__kernel_rem_pio2
                0x0000000000004468      0x698 /home/inventeaza/ncs/toolchains/v2.0.0/opt/zephyr-sdk/arm-zephyr-eabi/arm-zephyr-eabi/lib/thumb/v8-m.main+fp/hard/libm_nano.a(lib_a-k_rem_pio2.o)
                0x0000000000004468                __kernel_rem_pio2
 .text.__kernel_sin
                0x0000000000004b00      0x17c /home/inventeaza/ncs/toolchains/v2.0.0/opt/zephyr-sdk/arm-zephyr-eabi/arm-zephyr-eabi/lib/thumb/v8-m.main+fp/hard/libm_nano.a(lib_a-k_sin.o)
                0x0000000000004b00                __kernel_sin
 *fill*         0x0000000000004c7c        0x4 
 .text.__kernel_tan
                0x0000000000004c80      0x3a8 /home/inventeaza/ncs/toolchains/v2.0.0/opt/zephyr-sdk/arm-zephyr-eabi/arm-zephyr-eabi/lib/thumb/v8-m.main+fp/hard/libm_nano.a(lib_a-k_tan.o)
                0x0000000000004c80                __kernel_tan
 .text.nan      0x0000000000005028       0x10 /home/inventeaza/ncs/toolchains/v2.0.0/opt/zephyr-sdk/arm-zephyr-eabi/arm-zephyr-eabi/lib/thumb/v8-m.main+fp/hard/libm_nano.a(lib_a-s_nan.o)
                0x0000000000005028                nan
 .text.scalbn   0x0000000000005038      0x10c /home/inventeaza/ncs/toolchains/v2.0.0/opt/zephyr-sdk/arm-zephyr-eabi/arm-zephyr-eabi/lib/thumb/v8-m.main+fp/hard/libm_nano.a(lib_a-s_scalbn.o)
                0x0000000000005038                scalbn
 *fill*         0x0000000000005144        0x4 
 .text._strtod_l
                0x0000000000005148      0xc04 /home/inventeaza/ncs/toolchains/v2.0.0/opt/zephyr-sdk/arm-zephyr-eabi/arm-zephyr-eabi/lib/thumb/v8-m.main+fp/hard/libc_nano.a(lib_a-strtod.o)
                0x0000000000005148                _strtod_l
 *fill*         0x0000000000005d4c        0x4 
 .text._dtoa_r  0x0000000000005d50      0xbd8 /home/inventeaza/ncs/toolchains/v2.0.0/opt/zephyr-sdk/arm-zephyr-eabi/arm-zephyr-eabi/lib/thumb/v8-m.main+fp/hard/libc_nano.a(lib_a-dtoa.o)
                0x0000000000005d50                _dtoa_r
 .text.result_ready_cb
                0x0000000000006928       0xc8 app/libapp.a(main.c.obj)
 .text.main     0x00000000000069f0      0x18c app/libapp.a(main.c.obj)
                0x00000000000069f0                main
 .text.char_out
                0x0000000000006b7c       0x10 zephyr/libzephyr.a(printk.c.obj)
 .text.__printk_hook_install
                0x0000000000006b8c        0xc zephyr/libzephyr.a(printk.c.obj)
                0x0000000000006b8c                __printk_hook_install
 .text.vprintk  0x0000000000006b98       0x1c zephyr/libzephyr.a(printk.c.obj)
                0x0000000000006b98                vprintk
 .text.process_event
                0x0000000000006bb4      0x1c8 zephyr/libzephyr.a(onoff.c.obj)
 .text.extract_decimal
                0x0000000000006d7c       0x2c zephyr/libzephyr.a(cbprintf_complete.c.obj)
 .text.encode_uint
                0x0000000000006da8       0x98 zephyr/libzephyr.a(cbprintf_complete.c.obj)
 .text.sys_reboot
                0x0000000000006e40       0x28 zephyr/libzephyr.a(reboot.c.obj)
                0x0000000000006e40                sys_reboot
 .text.nrf_gpio_pin_mcu_select.constprop.0
                0x0000000000006e68       0x1c zephyr/libzephyr.a(soc.c.obj)
 .text.nordicsemi_nrf53_init
                0x0000000000006e84       0x50 zephyr/libzephyr.a(soc.c.obj)
 .text.arch_busy_wait
                0x0000000000006ed4       0x24 zephyr/libzephyr.a(soc.c.obj)
                0x0000000000006ed4                arch_busy_wait
 .text.pm_state_set
                0x0000000000006ef8       0x1c zephyr/libzephyr.a(power.c.obj)
                0x0000000000006ef8                pm_state_set
 .text.__do_init_array_aux
                0x0000000000006f14       0x1c zephyr/libzephyr.a(cpp_init_array.c.obj)
                0x0000000000006f14                __do_init_array_aux
 .text.__do_global_ctors_aux
                0x0000000000006f30       0x1c zephyr/libzephyr.a(cpp_ctors.c.obj)
                0x0000000000006f30                __do_global_ctors_aux
 .text.pm_state_notify
                0x0000000000006f4c       0x5c zephyr/libzephyr.a(pm.c.obj)
 .text.atomic_clear_bit.constprop.0
                0x0000000000006fa8       0x28 zephyr/libzephyr.a(pm.c.obj)
 .text.pm_system_resume
                0x0000000000006fd0       0x74 zephyr/libzephyr.a(pm.c.obj)
                0x0000000000006fd0                pm_system_resume
 .text.pm_system_suspend
                0x0000000000007044       0xe0 zephyr/libzephyr.a(pm.c.obj)
                0x0000000000007044                pm_system_suspend
 .text.pm_policy_state_lock_is_active
                0x0000000000007124       0x18 zephyr/libzephyr.a(policy.c.obj)
                0x0000000000007124                pm_policy_state_lock_is_active
 .text.pm_policy_next_state
                0x000000000000713c       0x9c zephyr/libzephyr.a(policy.c.obj)
                0x000000000000713c                pm_policy_next_state
 .text.pm_state_cpu_get_all
                0x00000000000071d8       0x10 zephyr/libzephyr.a(state.c.obj)
                0x00000000000071d8                pm_state_cpu_get_all
 .text.nrf_cc3xx_platform_abort_init
                0x00000000000071e8        0xc zephyr/libzephyr.a(nrf_cc3xx_platform_abort_zephyr.c.obj)
                0x00000000000071e8                nrf_cc3xx_platform_abort_init
 .text.mutex_free_platform
                0x00000000000071f4       0x48 zephyr/libzephyr.a(nrf_cc3xx_platform_mutex_zephyr.c.obj)
 .text.mutex_lock_platform
                0x000000000000723c       0x68 zephyr/libzephyr.a(nrf_cc3xx_platform_mutex_zephyr.c.obj)
 .text.mutex_unlock_platform
                0x00000000000072a4       0x60 zephyr/libzephyr.a(nrf_cc3xx_platform_mutex_zephyr.c.obj)
 .text.mutex_init_platform
                0x0000000000007304       0x70 zephyr/libzephyr.a(nrf_cc3xx_platform_mutex_zephyr.c.obj)
 .text.nrf_cc3xx_platform_mutex_init
                0x0000000000007374       0x2c zephyr/libzephyr.a(nrf_cc3xx_platform_mutex_zephyr.c.obj)
                0x0000000000007374                nrf_cc3xx_platform_mutex_init
 .text.z_arm_cpu_idle_init
                0x00000000000073a0        0xc zephyr/arch/arch/arm/core/aarch32/libarch__arm__core__aarch32.a(cpu_idle.S.obj)
                0x00000000000073a0                z_arm_cpu_idle_init
 .text.arch_cpu_idle
                0x00000000000073ac       0x1c zephyr/arch/arch/arm/core/aarch32/libarch__arm__core__aarch32.a(cpu_idle.S.obj)
                0x00000000000073ac                arch_cpu_idle
 .text.arch_cpu_atomic_idle
                0x00000000000073c8       0x14 zephyr/arch/arch/arm/core/aarch32/libarch__arm__core__aarch32.a(cpu_idle.S.obj)
                0x00000000000073c8                arch_cpu_atomic_idle
 .text.arch_irq_enable
                0x00000000000073dc       0x20 zephyr/arch/arch/arm/core/aarch32/libarch__arm__core__aarch32.a(irq_manage.c.obj)
                0x00000000000073dc                arch_irq_enable
 .text.arch_irq_disable
                0x00000000000073fc       0x28 zephyr/arch/arch/arm/core/aarch32/libarch__arm__core__aarch32.a(irq_manage.c.obj)
                0x00000000000073fc                arch_irq_disable
 .text.arch_irq_is_enabled
                0x0000000000007424       0x1c zephyr/arch/arch/arm/core/aarch32/libarch__arm__core__aarch32.a(irq_manage.c.obj)
                0x0000000000007424                arch_irq_is_enabled
 .text.z_arm_irq_priority_set
                0x0000000000007440       0x2c zephyr/arch/arch/arm/core/aarch32/libarch__arm__core__aarch32.a(irq_manage.c.obj)
                0x0000000000007440                z_arm_irq_priority_set
 .text.z_SysNmiOnReset
                0x000000000000746c        0x8 zephyr/arch/arch/arm/core/aarch32/libarch__arm__core__aarch32.a(nmi_on_reset.S.obj)
                0x000000000000746c                z_SysNmiOnReset
 .text.z_arm_prep_c
                0x0000000000007474       0x5c zephyr/arch/arch/arm/core/aarch32/libarch__arm__core__aarch32.a(prep_c.c.obj)
                0x0000000000007474                z_arm_prep_c
 .text.arch_swap
                0x00000000000074d0       0x34 zephyr/arch/arch/arm/core/aarch32/libarch__arm__core__aarch32.a(swap.c.obj)
                0x00000000000074d0                arch_swap
 .text.z_arm_pendsv
                0x0000000000007504       0x94 zephyr/arch/arch/arm/core/aarch32/libarch__arm__core__aarch32.a(swap_helper.S.obj)
                0x0000000000007504                z_arm_pendsv
 .text.z_arm_svc
                0x0000000000007598       0x20 zephyr/arch/arch/arm/core/aarch32/libarch__arm__core__aarch32.a(swap_helper.S.obj)
                0x0000000000007598                z_arm_svc
 .text.arch_new_thread
                0x00000000000075b8       0x40 zephyr/arch/arch/arm/core/aarch32/libarch__arm__core__aarch32.a(thread.c.obj)
                0x00000000000075b8                arch_new_thread
 .text.arch_switch_to_main_thread
                0x00000000000075f8       0x44 zephyr/arch/arch/arm/core/aarch32/libarch__arm__core__aarch32.a(thread.c.obj)
                0x00000000000075f8                arch_switch_to_main_thread
 .text._isr_wrapper
                0x000000000000763c       0x40 zephyr/arch/arch/arm/core/aarch32/libarch__arm__core__aarch32.a(isr_wrapper.S.obj)
                0x000000000000763c                _isr_wrapper
 .text._HandlerModeExit
                0x000000000000767c       0x1c zephyr/arch/arch/arm/core/aarch32/cortex_m/libarch__arm__core__aarch32__cortex_m.a(exc_exit.S.obj)
                0x000000000000767c                z_arm_exc_exit
                0x000000000000767c                z_arm_int_exit
 .text.usage_fault.constprop.0
                0x0000000000007698       0x2c zephyr/arch/arch/arm/core/aarch32/cortex_m/libarch__arm__core__aarch32__cortex_m.a(fault.c.obj)
 .text.bus_fault.constprop.0
                0x00000000000076c4       0x3c zephyr/arch/arch/arm/core/aarch32/cortex_m/libarch__arm__core__aarch32__cortex_m.a(fault.c.obj)
 .text.mem_manage_fault.constprop.0
                0x0000000000007700       0x50 zephyr/arch/arch/arm/core/aarch32/cortex_m/libarch__arm__core__aarch32__cortex_m.a(fault.c.obj)
 .text.z_arm_fault
                0x0000000000007750       0xf8 zephyr/arch/arch/arm/core/aarch32/cortex_m/libarch__arm__core__aarch32__cortex_m.a(fault.c.obj)
                0x0000000000007750                z_arm_fault
 .text.z_arm_fault_init
                0x0000000000007848       0x18 zephyr/arch/arch/arm/core/aarch32/cortex_m/libarch__arm__core__aarch32__cortex_m.a(fault.c.obj)
                0x0000000000007848                z_arm_fault_init
 .text.__fault  0x0000000000007860       0x14 zephyr/arch/arch/arm/core/aarch32/cortex_m/libarch__arm__core__aarch32__cortex_m.a(fault_s.S.obj)
                0x0000000000007860                z_arm_bus_fault
                0x0000000000007860                z_arm_usage_fault
                0x0000000000007860                z_arm_mpu_fault
                0x0000000000007860                z_arm_exc_spurious
                0x0000000000007860                z_arm_debug_monitor
                0x0000000000007860                z_arm_hard_fault
 .text.z_arm_interrupt_init
                0x0000000000007874       0x18 zephyr/arch/arch/arm/core/aarch32/cortex_m/libarch__arm__core__aarch32__cortex_m.a(irq_init.c.obj)
                0x0000000000007874                z_arm_interrupt_init
 .text._reset_section
                0x000000000000788c       0x60 zephyr/arch/arch/arm/core/aarch32/cortex_m/libarch__arm__core__aarch32__cortex_m.a(reset.S.obj)
                0x000000000000788c                z_arm_reset
                0x000000000000788c                __start
 .text.sys_arch_reboot
                0x00000000000078ec       0x24 zephyr/arch/arch/arm/core/aarch32/cortex_m/libarch__arm__core__aarch32__cortex_m.a(scb.c.obj)
                0x00000000000078ec                sys_arch_reboot
 .text.z_arm_clear_arm_mpu_config
                0x0000000000007910       0x24 zephyr/arch/arch/arm/core/aarch32/cortex_m/libarch__arm__core__aarch32__cortex_m.a(scb.c.obj)
                0x0000000000007910                z_arm_clear_arm_mpu_config
 .text.z_arm_init_arch_hw_at_boot
                0x0000000000007934       0x48 zephyr/arch/arch/arm/core/aarch32/cortex_m/libarch__arm__core__aarch32__cortex_m.a(scb.c.obj)
                0x0000000000007934                z_arm_init_arch_hw_at_boot
 .text.z_impl_k_thread_abort
                0x000000000000797c       0x2c zephyr/arch/arch/arm/core/aarch32/cortex_m/libarch__arm__core__aarch32__cortex_m.a(thread_abort.c.obj)
                0x000000000000797c                z_impl_k_thread_abort
 .text.z_arm_configure_static_mpu_regions
                0x00000000000079a8       0x38 zephyr/arch/arch/arm/core/aarch32/mpu/libarch__arm__core__aarch32__mpu.a(arm_core_mpu.c.obj)
                0x00000000000079a8                z_arm_configure_static_mpu_regions
 .text.region_init
                0x00000000000079e0       0x34 zephyr/arch/arch/arm/core/aarch32/mpu/libarch__arm__core__aarch32__mpu.a(arm_mpu.c.obj)
 .text.mpu_configure_regions_and_partition.constprop.0
                0x0000000000007a14      0x15c zephyr/arch/arch/arm/core/aarch32/mpu/libarch__arm__core__aarch32__mpu.a(arm_mpu.c.obj)
 .text.arm_core_mpu_enable
                0x0000000000007b70       0x18 zephyr/arch/arch/arm/core/aarch32/mpu/libarch__arm__core__aarch32__mpu.a(arm_mpu.c.obj)
                0x0000000000007b70                arm_core_mpu_enable
 .text.arm_core_mpu_disable
                0x0000000000007b88       0x14 zephyr/arch/arch/arm/core/aarch32/mpu/libarch__arm__core__aarch32__mpu.a(arm_mpu.c.obj)
                0x0000000000007b88                arm_core_mpu_disable
 .text.arm_core_mpu_configure_static_mpu_regions
                0x0000000000007b9c       0x14 zephyr/arch/arch/arm/core/aarch32/mpu/libarch__arm__core__aarch32__mpu.a(arm_mpu.c.obj)
                0x0000000000007b9c                arm_core_mpu_configure_static_mpu_regions
 .text.arm_core_mpu_mark_areas_for_dynamic_regions
                0x0000000000007bb0       0xb8 zephyr/arch/arch/arm/core/aarch32/mpu/libarch__arm__core__aarch32__mpu.a(arm_mpu.c.obj)
                0x0000000000007bb0                arm_core_mpu_mark_areas_for_dynamic_regions
 .text.z_arm_mpu_init
                0x0000000000007c68       0x4c zephyr/arch/arch/arm/core/aarch32/mpu/libarch__arm__core__aarch32__mpu.a(arm_mpu.c.obj)
                0x0000000000007c68                z_arm_mpu_init
 .text.__stdout_hook_install
                0x0000000000007cb4        0xc zephyr/lib/libc/newlib/liblib__libc__newlib.a(libc-hooks.c.obj)
                0x0000000000007cb4                __stdout_hook_install
 .text.z_impl_zephyr_read_stdin
                0x0000000000007cc0       0x28 zephyr/lib/libc/newlib/liblib__libc__newlib.a(libc-hooks.c.obj)
                0x0000000000007cc0                z_impl_zephyr_read_stdin
 .text.z_impl_zephyr_write_stdout
                0x0000000000007ce8       0x30 zephyr/lib/libc/newlib/liblib__libc__newlib.a(libc-hooks.c.obj)
                0x0000000000007ce8                z_impl_zephyr_write_stdout
 .text._exit    0x0000000000007d18       0x10 zephyr/lib/libc/newlib/liblib__libc__newlib.a(libc-hooks.c.obj)
                0x0000000000007d18                _exit
 .text._sbrk    0x0000000000007d28       0x28 zephyr/lib/libc/newlib/liblib__libc__newlib.a(libc-hooks.c.obj)
                0x0000000000007d28                _sbrk
                0x0000000000007d28                sbrk
 .text.z_impl_gpio_pin_configure.constprop.0
                0x0000000000007d50       0x1c zephyr/boards/boards/arm/thingy53_nrf5340_cpuapp/libboards__arm__thingy53_nrf5340.a(board.c.obj)
 .text.setup    0x0000000000007d6c       0x3c zephyr/boards/boards/arm/thingy53_nrf5340_cpuapp/libboards__arm__thingy53_nrf5340.a(board.c.obj)
 .text.onoff_stop
                0x0000000000007da8       0x28 zephyr/drivers/clock_control/libdrivers__clock_control.a(clock_control_nrf.c.obj)
 .text.onoff_start
                0x0000000000007dd0       0x3c zephyr/drivers/clock_control/libdrivers__clock_control.a(clock_control_nrf.c.obj)
 .text.clk_init
                0x0000000000007e0c       0x64 zephyr/drivers/clock_control/libdrivers__clock_control.a(clock_control_nrf.c.obj)
 .text.clkstarted_handle.constprop.0
                0x0000000000007e70       0x3c zephyr/drivers/clock_control/libdrivers__clock_control.a(clock_control_nrf.c.obj)
 .text.clock_event_handler
                0x0000000000007eac       0x30 zephyr/drivers/clock_control/libdrivers__clock_control.a(clock_control_nrf.c.obj)
 .text.generic_hfclk_start
                0x0000000000007edc       0x64 zephyr/drivers/clock_control/libdrivers__clock_control.a(clock_control_nrf.c.obj)
 .text.api_blocking_start
                0x0000000000007f40       0x34 zephyr/drivers/clock_control/libdrivers__clock_control.a(clock_control_nrf.c.obj)
 .text.generic_hfclk_stop
                0x0000000000007f74       0x24 zephyr/drivers/clock_control/libdrivers__clock_control.a(clock_control_nrf.c.obj)
 .text.z_nrf_clock_control_lf_on
                0x0000000000007f98       0xfc zephyr/drivers/clock_control/libdrivers__clock_control.a(clock_control_nrf.c.obj)
                0x0000000000007f98                z_nrf_clock_control_lf_on
 .text.uart_console_init
                0x0000000000008094       0x30 zephyr/drivers/console/libdrivers__console.a(uart_console.c.obj)
 .text.console_out
                0x00000000000080c4       0x28 zephyr/drivers/console/libdrivers__console.a(uart_console.c.obj)
 .text.gpio_nrfx_pin_interrupt_configure
                0x00000000000080ec       0xd8 zephyr/drivers/gpio/libdrivers__gpio.a(gpio_nrfx.c.obj)
 .text.gpio_nrfx_init
                0x00000000000081c4       0x38 zephyr/drivers/gpio/libdrivers__gpio.a(gpio_nrfx.c.obj)
 .text.nrfx_gpio_handler
                0x00000000000081fc       0x44 zephyr/drivers/gpio/libdrivers__gpio.a(gpio_nrfx.c.obj)
 .text.gpio_nrfx_pin_configure
                0x0000000000008240      0x154 zephyr/drivers/gpio/libdrivers__gpio.a(gpio_nrfx.c.obj)
 .text.i2c_nrfx_twim_recover_bus
                0x0000000000008394       0x20 zephyr/drivers/i2c/libdrivers__i2c.a(i2c_nrfx_twim.c.obj)
 .text.init_twim
                0x00000000000083b4       0x30 zephyr/drivers/i2c/libdrivers__i2c.a(i2c_nrfx_twim.c.obj)
 .text.i2c_nrfx_twim_configure
                0x00000000000083e4       0x4c zephyr/drivers/i2c/libdrivers__i2c.a(i2c_nrfx_twim.c.obj)
 .text.event_handler
                0x0000000000008430       0x34 zephyr/drivers/i2c/libdrivers__i2c.a(i2c_nrfx_twim.c.obj)
 .text.i2c_nrfx_twim_transfer
                0x0000000000008464      0x1b0 zephyr/drivers/i2c/libdrivers__i2c.a(i2c_nrfx_twim.c.obj)
 .text.transfer_next_chunk
                0x0000000000008614       0xc0 zephyr/drivers/spi/libdrivers__spi.a(spi_nrfx_spim.c.obj)
 .text.spi_nrfx_transceive
                0x00000000000086d4      0x2a0 zephyr/drivers/spi/libdrivers__spi.a(spi_nrfx_spim.c.obj)
 .text.uarte_nrfx_configure
                0x0000000000008974      0x17c zephyr/drivers/serial/libdrivers__serial.a(uart_nrfx_uarte.c.obj)
 .text.uarte_0_init
                0x0000000000008af0       0xf0 zephyr/drivers/serial/libdrivers__serial.a(uart_nrfx_uarte.c.obj)
 .text.uarte_nrfx_poll_out
                0x0000000000008be0       0xc4 zephyr/drivers/serial/libdrivers__serial.a(uart_nrfx_uarte.c.obj)
 .text.compare_int_lock
                0x0000000000008ca4       0x44 zephyr/drivers/timer/libdrivers__timer.a(nrf_rtc_timer.c.obj)
 .text.sys_clock_timeout_handler
                0x0000000000008ce8       0x78 zephyr/drivers/timer/libdrivers__timer.a(nrf_rtc_timer.c.obj)
 .text.compare_int_unlock
                0x0000000000008d60       0x50 zephyr/drivers/timer/libdrivers__timer.a(nrf_rtc_timer.c.obj)
 .text.z_nrf_rtc_timer_read
                0x0000000000008db0       0x44 zephyr/drivers/timer/libdrivers__timer.a(nrf_rtc_timer.c.obj)
                0x0000000000008db0                z_nrf_rtc_timer_read
 .text.compare_set
                0x0000000000008df4      0x148 zephyr/drivers/timer/libdrivers__timer.a(nrf_rtc_timer.c.obj)
 .text.sys_clock_driver_init
                0x0000000000008f3c       0x80 zephyr/drivers/timer/libdrivers__timer.a(nrf_rtc_timer.c.obj)
 .text.rtc_nrf_isr
                0x0000000000008fbc       0xe8 zephyr/drivers/timer/libdrivers__timer.a(nrf_rtc_timer.c.obj)
                0x0000000000008fbc                rtc_nrf_isr
 .text.sys_clock_set_timeout
                0x00000000000090a4       0x60 zephyr/drivers/timer/libdrivers__timer.a(nrf_rtc_timer.c.obj)
                0x00000000000090a4                sys_clock_set_timeout
 .text.sys_clock_elapsed
                0x0000000000009104       0x14 zephyr/drivers/timer/libdrivers__timer.a(nrf_rtc_timer.c.obj)
                0x0000000000009104                sys_clock_elapsed
 .text.nrf_gpio_pin_clear
                0x0000000000009118       0x20 zephyr/drivers/pinctrl/libdrivers__pinctrl.a(pinctrl_nrf.c.obj)
 .text.nrf_pin_configure
                0x0000000000009138       0x4c zephyr/drivers/pinctrl/libdrivers__pinctrl.a(pinctrl_nrf.c.obj)
 .text.nrf_gpio_pin_set
                0x0000000000009184       0x20 zephyr/drivers/pinctrl/libdrivers__pinctrl.a(pinctrl_nrf.c.obj)
 .text._ZL15can_read_resultv
                0x00000000000091a4       0x18 modules/nrf/lib/edge_impulse/libei_wrapper.a(ei_wrapper.cpp.obj)
 .text._ZN12_GLOBAL__N_115ei_aligned_freeEPv
                0x00000000000091bc       0x2c modules/nrf/lib/edge_impulse/libei_wrapper.a(ei_wrapper.cpp.obj)
 .text._ZN12_GLOBAL__N_117ei_aligned_callocEjj
                0x00000000000091e8       0x4c modules/nrf/lib/edge_impulse/libei_wrapper.a(ei_wrapper.cpp.obj)
 .text._ZN2ei5numpy5scaleEPNS_9ei_matrixEf.part.0
                0x0000000000009234       0x44 modules/nrf/lib/edge_impulse/libei_wrapper.a(ei_wrapper.cpp.obj)
 .text._ZL20raw_feature_get_datajjPf
                0x0000000000009278       0x64 modules/nrf/lib/edge_impulse/libei_wrapper.a(ei_wrapper.cpp.obj)
 .text._ZL11buf_cleanupP11data_bufferPb.constprop.0
                0x00000000000092dc       0x4c modules/nrf/lib/edge_impulse/libei_wrapper.a(ei_wrapper.cpp.obj)
 .text._ZL20inference_tflite_runyP12TfLiteTensorPhP19ei_impulse_result_tb.constprop.0
                0x0000000000009328      0x120 modules/nrf/lib/edge_impulse/libei_wrapper.a(ei_wrapper.cpp.obj)
 .text._ZL22inference_tflite_setupPyPP12TfLiteTensorS2_RSt10unique_ptrIvPFvPvEE.constprop.0
                0x0000000000009448       0xf0 modules/nrf/lib/edge_impulse/libei_wrapper.a(ei_wrapper.cpp.obj)
 .text._ZN2ei5numpy9transposeEPNS_9ei_matrixE
                0x0000000000009538       0x8c modules/nrf/lib/edge_impulse/libei_wrapper.a(ei_wrapper.cpp.obj)
                0x0000000000009538                ei::numpy::transpose(ei::ei_matrix*)
 .text._ZN2ei5numpy8subtractEPNS_9ei_matrixES2_
                0x00000000000095c4       0x74 modules/nrf/lib/edge_impulse/libei_wrapper.a(ei_wrapper.cpp.obj)
                0x00000000000095c4                ei::numpy::subtract(ei::ei_matrix*, ei::ei_matrix*)
 .text._ZN2ei5numpy4meanEPNS_9ei_matrixES2_
                0x0000000000009638       0x4c modules/nrf/lib/edge_impulse/libei_wrapper.a(ei_wrapper.cpp.obj)
                0x0000000000009638                ei::numpy::mean(ei::ei_matrix*, ei::ei_matrix*)
 .text._ZN2ei5numpy4rfftEPKfjPNS_13fft_complex_tEjj
                0x0000000000009684      0x148 modules/nrf/lib/edge_impulse/libei_wrapper.a(ei_wrapper.cpp.obj)
                0x0000000000009684                ei::numpy::rfft(float const*, unsigned int, ei::fft_complex_t*, unsigned int, unsigned int)
 .text._ZN2ei5numpy8linspaceEffjPf
                0x00000000000097cc       0x54 modules/nrf/lib/edge_impulse/libei_wrapper.a(ei_wrapper.cpp.obj)
                0x00000000000097cc                ei::numpy::linspace(float, float, unsigned int, float*)
 .text._ZN2ei8spectral10processing20spectral_power_edgesEPNS_9ei_matrixES3_S3_S3_f
                0x0000000000009820      0x160 modules/nrf/lib/edge_impulse/libei_wrapper.a(ei_wrapper.cpp.obj)
                0x0000000000009820                ei::spectral::processing::spectral_power_edges(ei::ei_matrix*, ei::ei_matrix*, ei::ei_matrix*, ei::ei_matrix*, float)
 .text._ZN2ei8spectral10processing11periodogramEPNS_9ei_matrixES3_S3_ft
                0x0000000000009980      0x1b4 modules/nrf/lib/edge_impulse/libei_wrapper.a(ei_wrapper.cpp.obj)
                0x0000000000009980                ei::spectral::processing::periodogram(ei::ei_matrix*, ei::ei_matrix*, ei::ei_matrix*, float, unsigned short)
 .text.ei_wrapper_get_classifier_label
                0x0000000000009b34       0x14 modules/nrf/lib/edge_impulse/libei_wrapper.a(ei_wrapper.cpp.obj)
                0x0000000000009b34                ei_wrapper_get_classifier_label
 .text.ei_wrapper_add_data
                0x0000000000009b48       0xf4 modules/nrf/lib/edge_impulse/libei_wrapper.a(ei_wrapper.cpp.obj)
                0x0000000000009b48                ei_wrapper_add_data
 .text.ei_wrapper_start_prediction
                0x0000000000009c3c       0x98 modules/nrf/lib/edge_impulse/libei_wrapper.a(ei_wrapper.cpp.obj)
                0x0000000000009c3c                ei_wrapper_start_prediction
 .text.ei_wrapper_get_next_classification_result
                0x0000000000009cd4       0xc4 modules/nrf/lib/edge_impulse/libei_wrapper.a(ei_wrapper.cpp.obj)
                0x0000000000009cd4                ei_wrapper_get_next_classification_result
 .text.ei_wrapper_get_anomaly
                0x0000000000009d98       0x24 modules/nrf/lib/edge_impulse/libei_wrapper.a(ei_wrapper.cpp.obj)
                0x0000000000009d98                ei_wrapper_get_anomaly
 .text.ei_wrapper_init
                0x0000000000009dbc       0x70 modules/nrf/lib/edge_impulse/libei_wrapper.a(ei_wrapper.cpp.obj)
                0x0000000000009dbc                ei_wrapper_init
 .text._ZN2ei5numpy13software_rfftEPfS1_jj
                0x0000000000009e2c       0xa4 modules/nrf/lib/edge_impulse/libei_wrapper.a(ei_wrapper.cpp.obj)
                0x0000000000009e2c                ei::numpy::software_rfft(float*, float*, unsigned int, unsigned int)
 .text._Z16run_nn_inferencePN2ei9ei_matrixEP19ei_impulse_result_tb
                0x0000000000009ed0       0xb4 modules/nrf/lib/edge_impulse/libei_wrapper.a(ei_wrapper.cpp.obj)
                0x0000000000009ed0                run_nn_inference(ei::ei_matrix*, ei_impulse_result_t*, bool)
 .text.run_inference
                0x0000000000009f84      0x138 modules/nrf/lib/edge_impulse/libei_wrapper.a(ei_wrapper.cpp.obj)
                0x0000000000009f84                run_inference
 .text._ZN14SignalWithAxes10get_signalEv
                0x000000000000a0bc       0x40 modules/nrf/lib/edge_impulse/libei_wrapper.a(ei_wrapper.cpp.obj)
                0x000000000000a0bc                SignalWithAxes::get_signal()
 .text.run_classifier
                0x000000000000a0fc      0x130 modules/nrf/lib/edge_impulse/libei_wrapper.a(ei_wrapper.cpp.obj)
                0x000000000000a0fc                run_classifier
 .text._ZNSt8functionIFijjPfEEaSIPS1_EENSt9enable_ifIXsrNS2_9_CallableINSt5decayIT_E4typeESt15__invoke_resultIRSA_JjjS0_EEEE5valueERS2_E4typeEOS8_.isra.0
                0x000000000000a22c       0x30 modules/nrf/lib/edge_impulse/libei_wrapper.a(ei_wrapper.cpp.obj)
 .text._ZL22edge_impulse_thread_fnv
                0x000000000000a25c       0x7c modules/nrf/lib/edge_impulse/libei_wrapper.a(ei_wrapper.cpp.obj)
 .text._ZNSt6vectorIN2ei8spectral10processing11freq_peak_tESaIS3_EE17_M_realloc_insertIJRKS3_EEEvN9__gnu_cxx17__normal_iteratorIPS3_S5_EEDpOT_
                0x000000000000a2d8       0xa0 modules/nrf/lib/edge_impulse/libei_wrapper.a(ei_wrapper.cpp.obj)
                0x000000000000a2d8                void std::vector<ei::spectral::processing::freq_peak_t, std::allocator<ei::spectral::processing::freq_peak_t> >::_M_realloc_insert<ei::spectral::processing::freq_peak_t const&>(__gnu_cxx::__normal_iterator<ei::spectral::processing::freq_peak_t*, std::vector<ei::spectral::processing::freq_peak_t, std::allocator<ei::spectral::processing::freq_peak_t> > >, ei::spectral::processing::freq_peak_t const&)
 .text._ZN12_GLOBAL__N_134extract_spectral_analysis_featuresEPN2ei11ei_signal_tEPNS0_9ei_matrixEPvf
                0x000000000000a378      0x1c4 modules/nrf/lib/edge_impulse/libei_wrapper.a(ei_wrapper.cpp.obj)
 .text.nrf53_errata_42
                0x000000000000a53c       0x24 modules/hal_nordic/nrfx/libmodules__hal_nordic__nrfx.a(system_nrf5340_application.c.obj)
 .text.SystemCoreClockUpdate
                0x000000000000a560       0x20 modules/hal_nordic/nrfx/libmodules__hal_nordic__nrfx.a(system_nrf5340_application.c.obj)
                0x000000000000a560                SystemCoreClockUpdate
 .text.SystemInit
                0x000000000000a580      0x13c modules/hal_nordic/nrfx/libmodules__hal_nordic__nrfx.a(system_nrf5340_application.c.obj)
                0x000000000000a580                SystemInit
 .text.nrfx_flag32_alloc
                0x000000000000a6bc       0x44 modules/hal_nordic/nrfx/libmodules__hal_nordic__nrfx.a(nrfx_flag32_allocator.c.obj)
                0x000000000000a6bc                nrfx_flag32_alloc
 .text.nrfx_flag32_free
                0x000000000000a700       0x3c modules/hal_nordic/nrfx/libmodules__hal_nordic__nrfx.a(nrfx_flag32_allocator.c.obj)
                0x000000000000a700                nrfx_flag32_free
 .text.nrfx_clock_init
                0x000000000000a73c       0x20 modules/hal_nordic/nrfx/libmodules__hal_nordic__nrfx.a(nrfx_clock.c.obj)
                0x000000000000a73c                nrfx_clock_init
 .text.nrfx_power_clock_irq_handler
                0x000000000000a75c       0xb0 modules/hal_nordic/nrfx/libmodules__hal_nordic__nrfx.a(nrfx_clock.c.obj)
                0x000000000000a75c                nrfx_power_clock_irq_handler
 .text.nrfx_dppi_channel_alloc
                0x000000000000a80c        0xc modules/hal_nordic/nrfx/libmodules__hal_nordic__nrfx.a(nrfx_dppi.c.obj)
                0x000000000000a80c                nrfx_dppi_channel_alloc
 .text.nrf_gpio_pin_port_decode
                0x000000000000a818       0x20 modules/hal_nordic/nrfx/libmodules__hal_nordic__nrfx.a(nrfx_gpiote.c.obj)
 .text.pin_in_use_by_te
                0x000000000000a838       0x14 modules/hal_nordic/nrfx/libmodules__hal_nordic__nrfx.a(nrfx_gpiote.c.obj)
 .text.call_handler
                0x000000000000a84c       0x3c modules/hal_nordic/nrfx/libmodules__hal_nordic__nrfx.a(nrfx_gpiote.c.obj)
 .text.release_handler
                0x000000000000a888       0x58 modules/hal_nordic/nrfx/libmodules__hal_nordic__nrfx.a(nrfx_gpiote.c.obj)
 .text.pin_handler_trigger_uninit
                0x000000000000a8e0       0x3c modules/hal_nordic/nrfx/libmodules__hal_nordic__nrfx.a(nrfx_gpiote.c.obj)
 .text.nrfx_gpiote_input_configure
                0x000000000000a91c      0x158 modules/hal_nordic/nrfx/libmodules__hal_nordic__nrfx.a(nrfx_gpiote.c.obj)
                0x000000000000a91c                nrfx_gpiote_input_configure
 .text.nrfx_gpiote_output_configure
                0x000000000000aa74       0xe8 modules/hal_nordic/nrfx/libmodules__hal_nordic__nrfx.a(nrfx_gpiote.c.obj)
                0x000000000000aa74                nrfx_gpiote_output_configure
 .text.nrfx_gpiote_global_callback_set
                0x000000000000ab5c        0xc modules/hal_nordic/nrfx/libmodules__hal_nordic__nrfx.a(nrfx_gpiote.c.obj)
                0x000000000000ab5c                nrfx_gpiote_global_callback_set
 .text.nrfx_gpiote_channel_get
                0x000000000000ab68       0x2c modules/hal_nordic/nrfx/libmodules__hal_nordic__nrfx.a(nrfx_gpiote.c.obj)
                0x000000000000ab68                nrfx_gpiote_channel_get
 .text.nrfx_gpiote_init
                0x000000000000ab94       0x50 modules/hal_nordic/nrfx/libmodules__hal_nordic__nrfx.a(nrfx_gpiote.c.obj)
                0x000000000000ab94                nrfx_gpiote_init
 .text.nrfx_gpiote_is_init
                0x000000000000abe4       0x14 modules/hal_nordic/nrfx/libmodules__hal_nordic__nrfx.a(nrfx_gpiote.c.obj)
                0x000000000000abe4                nrfx_gpiote_is_init
 .text.nrfx_gpiote_channel_free
                0x000000000000abf8        0xc modules/hal_nordic/nrfx/libmodules__hal_nordic__nrfx.a(nrfx_gpiote.c.obj)
                0x000000000000abf8                nrfx_gpiote_channel_free
 .text.nrfx_gpiote_channel_alloc
                0x000000000000ac04        0xc modules/hal_nordic/nrfx/libmodules__hal_nordic__nrfx.a(nrfx_gpiote.c.obj)
                0x000000000000ac04                nrfx_gpiote_channel_alloc
 .text.nrfx_gpiote_trigger_enable
                0x000000000000ac10       0x8c modules/hal_nordic/nrfx/libmodules__hal_nordic__nrfx.a(nrfx_gpiote.c.obj)
                0x000000000000ac10                nrfx_gpiote_trigger_enable
 .text.nrfx_gpiote_trigger_disable
                0x000000000000ac9c       0x50 modules/hal_nordic/nrfx/libmodules__hal_nordic__nrfx.a(nrfx_gpiote.c.obj)
                0x000000000000ac9c                nrfx_gpiote_trigger_disable
 .text.nrfx_gpiote_pin_uninit
                0x000000000000acec       0x50 modules/hal_nordic/nrfx/libmodules__hal_nordic__nrfx.a(nrfx_gpiote.c.obj)
                0x000000000000acec                nrfx_gpiote_pin_uninit
 .text.nrfx_gpiote_irq_handler
                0x000000000000ad3c      0x1a4 modules/hal_nordic/nrfx/libmodules__hal_nordic__nrfx.a(nrfx_gpiote.c.obj)
                0x000000000000ad3c                nrfx_gpiote_irq_handler
 .text.nrf_gpio_cfg.constprop.0
                0x000000000000aee0       0x40 modules/hal_nordic/nrfx/libmodules__hal_nordic__nrfx.a(nrfx_spim.c.obj)
 .text.nrf_gpio_pin_write
                0x000000000000af20       0x34 modules/hal_nordic/nrfx/libmodules__hal_nordic__nrfx.a(nrfx_spim.c.obj)
 .text.nrfx_spim_init
                0x000000000000af54      0x1c4 modules/hal_nordic/nrfx/libmodules__hal_nordic__nrfx.a(nrfx_spim.c.obj)
                0x000000000000af54                nrfx_spim_init
 .text.nrfx_spim_uninit
                0x000000000000b118       0x90 modules/hal_nordic/nrfx/libmodules__hal_nordic__nrfx.a(nrfx_spim.c.obj)
                0x000000000000b118                nrfx_spim_uninit
 .text.nrfx_spim_xfer
                0x000000000000b1a8       0xf0 modules/hal_nordic/nrfx/libmodules__hal_nordic__nrfx.a(nrfx_spim.c.obj)
                0x000000000000b1a8                nrfx_spim_xfer
 .text.nrfx_spim_3_irq_handler
                0x000000000000b298       0x3c modules/hal_nordic/nrfx/libmodules__hal_nordic__nrfx.a(nrfx_spim.c.obj)
                0x000000000000b298                nrfx_spim_3_irq_handler
 .text.nrf_gpio_cfg_default
                0x000000000000b2d4       0x30 modules/hal_nordic/nrfx/libmodules__hal_nordic__nrfx.a(nrfx_twim.c.obj)
 .text.nrfx_twim_init
                0x000000000000b304      0x110 modules/hal_nordic/nrfx/libmodules__hal_nordic__nrfx.a(nrfx_twim.c.obj)
                0x000000000000b304                nrfx_twim_init
 .text.nrfx_twim_enable
                0x000000000000b414       0x20 modules/hal_nordic/nrfx/libmodules__hal_nordic__nrfx.a(nrfx_twim.c.obj)
                0x000000000000b414                nrfx_twim_enable
 .text.nrfx_twim_disable
                0x000000000000b434       0x3c modules/hal_nordic/nrfx/libmodules__hal_nordic__nrfx.a(nrfx_twim.c.obj)
                0x000000000000b434                nrfx_twim_disable
 .text.nrfx_twim_uninit
                0x000000000000b470       0x58 modules/hal_nordic/nrfx/libmodules__hal_nordic__nrfx.a(nrfx_twim.c.obj)
                0x000000000000b470                nrfx_twim_uninit
 .text.nrfx_twim_xfer
                0x000000000000b4c8      0x2fc modules/hal_nordic/nrfx/libmodules__hal_nordic__nrfx.a(nrfx_twim.c.obj)
                0x000000000000b4c8                nrfx_twim_xfer
 .text.nrfx_twim_1_irq_handler
                0x000000000000b7c4      0x184 modules/hal_nordic/nrfx/libmodules__hal_nordic__nrfx.a(nrfx_twim.c.obj)
                0x000000000000b7c4                nrfx_twim_1_irq_handler
 .text.nrf_gpio_pin_port_decode
                0x000000000000b948       0x20 modules/hal_nordic/nrfx/libmodules__hal_nordic__nrfx.a(nrfx_twi_twim.c.obj)
 .text.nrfx_twi_twim_bus_recover
                0x000000000000b968       0xd4 modules/hal_nordic/nrfx/libmodules__hal_nordic__nrfx.a(nrfx_twi_twim.c.obj)
                0x000000000000b968                nrfx_twi_twim_bus_recover
 .text.z_sys_init_run_level
                0x000000000000ba3c       0x40 zephyr/kernel/libkernel.a(device.c.obj)
                0x000000000000ba3c                z_sys_init_run_level
 .text.z_impl_z_errno
                0x000000000000ba7c        0xc zephyr/kernel/libkernel.a(errno.c.obj)
                0x000000000000ba7c                z_impl_z_errno
 .text.bg_thread_main
                0x000000000000ba88       0x38 zephyr/kernel/libkernel.a(init.c.obj)
 .text.z_bss_zero
                0x000000000000bac0       0x18 zephyr/kernel/libkernel.a(init.c.obj)
                0x000000000000bac0                z_bss_zero
 .text.z_init_cpu
                0x000000000000bad8       0x68 zephyr/kernel/libkernel.a(init.c.obj)
                0x000000000000bad8                z_init_cpu
 .text.z_cstart
                0x000000000000bb40       0xd4 zephyr/kernel/libkernel.a(init.c.obj)
                0x000000000000bb40                z_cstart
 .text.init_mem_slab_module
                0x000000000000bc14       0x44 zephyr/kernel/libkernel.a(mem_slab.c.obj)
 .text.k_mem_slab_alloc
                0x000000000000bc58       0x5c zephyr/kernel/libkernel.a(mem_slab.c.obj)
                0x000000000000bc58                k_mem_slab_alloc
 .text.z_setup_new_thread
                0x000000000000bcb4       0x60 zephyr/kernel/libkernel.a(thread.c.obj)
                0x000000000000bcb4                z_setup_new_thread
 .text.z_impl_k_thread_create
                0x000000000000bd14       0x58 zephyr/kernel/libkernel.a(thread.c.obj)
                0x000000000000bd14                z_impl_k_thread_create
 .text.z_init_static_threads
                0x000000000000bd6c       0xb8 zephyr/kernel/libkernel.a(thread.c.obj)
                0x000000000000bd6c                z_init_static_threads
 .text.idle     0x000000000000be24       0x38 zephyr/kernel/libkernel.a(idle.c.obj)
                0x000000000000be24                idle
 .text.z_impl_k_mutex_lock
                0x000000000000be5c       0xf0 zephyr/kernel/libkernel.a(mutex.c.obj)
                0x000000000000be5c                z_impl_k_mutex_lock
 .text.z_impl_k_mutex_unlock
                0x000000000000bf4c       0x84 zephyr/kernel/libkernel.a(mutex.c.obj)
                0x000000000000bf4c                z_impl_k_mutex_unlock
 .text.z_impl_k_sem_give
                0x000000000000bfd0       0x40 zephyr/kernel/libkernel.a(sem.c.obj)
                0x000000000000bfd0                z_impl_k_sem_give
 .text.z_impl_k_sem_take
                0x000000000000c010       0x50 zephyr/kernel/libkernel.a(sem.c.obj)
                0x000000000000c010                z_impl_k_sem_take
 .text.z_reset_time_slice
                0x000000000000c060       0x28 zephyr/kernel/libkernel.a(sched.c.obj)
                0x000000000000c060                z_reset_time_slice
 .text.k_sched_time_slice_set
                0x000000000000c088       0x64 zephyr/kernel/libkernel.a(sched.c.obj)
                0x000000000000c088                k_sched_time_slice_set
 .text.z_reschedule
                0x000000000000c0ec       0x24 zephyr/kernel/libkernel.a(sched.c.obj)
                0x000000000000c0ec                z_reschedule
 .text.k_sched_lock
                0x000000000000c110       0x28 zephyr/kernel/libkernel.a(sched.c.obj)
                0x000000000000c110                k_sched_lock
 .text.update_cache
                0x000000000000c138       0x40 zephyr/kernel/libkernel.a(sched.c.obj)
 .text.move_thread_to_end_of_prio_q
                0x000000000000c178       0x74 zephyr/kernel/libkernel.a(sched.c.obj)
 .text.z_time_slice
                0x000000000000c1ec       0x84 zephyr/kernel/libkernel.a(sched.c.obj)
                0x000000000000c1ec                z_time_slice
 .text.ready_thread
                0x000000000000c270       0x6c zephyr/kernel/libkernel.a(sched.c.obj)
 .text.z_sched_start
                0x000000000000c2dc       0x3c zephyr/kernel/libkernel.a(sched.c.obj)
                0x000000000000c2dc                z_sched_start
 .text.unready_thread
                0x000000000000c318       0x30 zephyr/kernel/libkernel.a(sched.c.obj)
 .text.pend     0x000000000000c348       0x4c zephyr/kernel/libkernel.a(sched.c.obj)
 .text.z_pend_curr
                0x000000000000c394       0x28 zephyr/kernel/libkernel.a(sched.c.obj)
                0x000000000000c394                z_pend_curr
 .text.z_set_prio
                0x000000000000c3bc       0x90 zephyr/kernel/libkernel.a(sched.c.obj)
                0x000000000000c3bc                z_set_prio
 .text.z_impl_k_thread_suspend
                0x000000000000c44c       0x64 zephyr/kernel/libkernel.a(sched.c.obj)
                0x000000000000c44c                z_impl_k_thread_suspend
 .text.k_sched_unlock
                0x000000000000c4b0       0x38 zephyr/kernel/libkernel.a(sched.c.obj)
                0x000000000000c4b0                k_sched_unlock
 .text.z_sched_init
                0x000000000000c4e8       0x18 zephyr/kernel/libkernel.a(sched.c.obj)
                0x000000000000c4e8                z_sched_init
 .text.z_impl_k_yield
                0x000000000000c500       0x80 zephyr/kernel/libkernel.a(sched.c.obj)
                0x000000000000c500                z_impl_k_yield
 .text.z_tick_sleep
                0x000000000000c580       0x90 zephyr/kernel/libkernel.a(sched.c.obj)
 .text.z_impl_k_sleep
                0x000000000000c610       0x34 zephyr/kernel/libkernel.a(sched.c.obj)
                0x000000000000c610                z_impl_k_sleep
 .text.z_impl_z_current_get
                0x000000000000c644        0xc zephyr/kernel/libkernel.a(sched.c.obj)
                0x000000000000c644                z_impl_z_current_get
 .text.z_thread_abort
                0x000000000000c650       0xa4 zephyr/kernel/libkernel.a(sched.c.obj)
                0x000000000000c650                z_thread_abort
 .text.z_data_copy
                0x000000000000c6f4       0x34 zephyr/kernel/libkernel.a(xip.c.obj)
                0x000000000000c6f4                z_data_copy
 .text.elapsed  0x000000000000c728       0x14 zephyr/kernel/libkernel.a(timeout.c.obj)
 .text.next_timeout
                0x000000000000c73c       0x4c zephyr/kernel/libkernel.a(timeout.c.obj)
 .text.remove_timeout
                0x000000000000c788       0x34 zephyr/kernel/libkernel.a(timeout.c.obj)
 .text.z_add_timeout
                0x000000000000c7bc       0xf0 zephyr/kernel/libkernel.a(timeout.c.obj)
                0x000000000000c7bc                z_add_timeout
 .text.sys_clock_announce
                0x000000000000c8ac       0xb8 zephyr/kernel/libkernel.a(timeout.c.obj)
                0x000000000000c8ac                sys_clock_announce
 .text.sys_clock_tick_get
                0x000000000000c964       0x30 zephyr/kernel/libkernel.a(timeout.c.obj)
                0x000000000000c964                sys_clock_tick_get
 .text.boot_banner
                0x000000000000c994       0x18 zephyr/kernel/libkernel.a(banner.c.obj)
                0x000000000000c994                boot_banner
 .text.kiss_fftr
                0x000000000000c9ac       0xe0 edge_impulse/src/edge_impulse_project-build/libedge_impulse.a(kiss_fftr.cpp.o)
                0x000000000000c9ac                kiss_fftr
 .text._Z9ei_printfPKcz
                0x000000000000ca8c       0x34 edge_impulse/src/edge_impulse_project-build/libedge_impulse.a(ei_classifier_porting.cpp.o)
                0x000000000000ca8c                ei_printf(char const*, ...)
 .text._Z15ei_printf_floatf
                0x000000000000cac0       0x1c edge_impulse/src/edge_impulse_project-build/libedge_impulse.a(ei_classifier_porting.cpp.o)
                0x000000000000cac0                ei_printf_float(float)
 .text.arm_mean_f32
                0x000000000000cadc       0x30 edge_impulse/src/edge_impulse_project-build/libedge_impulse.a(arm_mean_f32.c.o)
                0x000000000000cadc                arm_mean_f32
 .text.arm_rms_f32
                0x000000000000cb0c       0x4c edge_impulse/src/edge_impulse_project-build/libedge_impulse.a(arm_rms_f32.c.o)
                0x000000000000cb0c                arm_rms_f32
 .text._ZN12_GLOBAL__N_1L16GetScratchBufferEP13TfLiteContexti
                0x000000000000cb58       0x1c edge_impulse/src/edge_impulse_project-build/libedge_impulse.a(trained_model_compiled.cpp.o)
 .text._ZN12_GLOBAL__N_1L9GetTensorEPK13TfLiteContexti
                0x000000000000cb74        0xc edge_impulse/src/edge_impulse_project-build/libedge_impulse.a(trained_model_compiled.cpp.o)
 .text._ZN12_GLOBAL__N_1L13GetEvalTensorEPK13TfLiteContexti
                0x000000000000cb80       0x10 edge_impulse/src/edge_impulse_project-build/libedge_impulse.a(trained_model_compiled.cpp.o)
 .text._Z18trained_model_initPFPvjjE
                0x000000000000cb90      0x1c0 edge_impulse/src/edge_impulse_project-build/libedge_impulse.a(trained_model_compiled.cpp.o)
                0x000000000000cb90                trained_model_init(void* (*)(unsigned int, unsigned int))
 .text._Z19trained_model_inputi
                0x000000000000cd50        0xc edge_impulse/src/edge_impulse_project-build/libedge_impulse.a(trained_model_compiled.cpp.o)
                0x000000000000cd50                trained_model_input(int)
 .text._Z20trained_model_outputi
                0x000000000000cd5c       0x10 edge_impulse/src/edge_impulse_project-build/libedge_impulse.a(trained_model_compiled.cpp.o)
                0x000000000000cd5c                trained_model_output(int)
 .text._Z20trained_model_invokev
                0x000000000000cd6c       0x44 edge_impulse/src/edge_impulse_project-build/libedge_impulse.a(trained_model_compiled.cpp.o)
                0x000000000000cd6c                trained_model_invoke()
 .text._Z19trained_model_resetPFvPvE
                0x000000000000cdb0       0x4c edge_impulse/src/edge_impulse_project-build/libedge_impulse.a(trained_model_compiled.cpp.o)
                0x000000000000cdb0                trained_model_reset(void (*)(void*))
 .text._ZNSt6vectorIPvSaIS0_EE17_M_realloc_insertIJRKS0_EEEvN9__gnu_cxx17__normal_iteratorIPS0_S2_EEDpOT_
                0x000000000000cdfc       0xa0 edge_impulse/src/edge_impulse_project-build/libedge_impulse.a(trained_model_compiled.cpp.o)
                0x000000000000cdfc                void std::vector<void*, std::allocator<void*> >::_M_realloc_insert<void* const&>(__gnu_cxx::__normal_iterator<void**, std::vector<void*, std::allocator<void*> > >, void* const&)
 .text._ZN12_GLOBAL__N_1L24AllocatePersistentBufferEP13TfLiteContextj
                0x000000000000ce9c       0x70 edge_impulse/src/edge_impulse_project-build/libedge_impulse.a(trained_model_compiled.cpp.o)
 .text._ZN12_GLOBAL__N_1L27RequestScratchBufferInArenaEP13TfLiteContextjPi
                0x000000000000cf0c       0xc0 edge_impulse/src/edge_impulse_project-build/libedge_impulse.a(trained_model_compiled.cpp.o)
 .text._GLOBAL__sub_I__Z18trained_model_initPFPvjjE
                0x000000000000cfcc       0x64 edge_impulse/src/edge_impulse_project-build/libedge_impulse.a(trained_model_compiled.cpp.o)
 .text._ZL7kf_workP12kiss_fft_cpxPKS_jiPiP14kiss_fft_state
                0x000000000000d030      0x640 edge_impulse/src/edge_impulse_project-build/libedge_impulse.a(kiss_fft.cpp.o)
 .text._ZN6tflite12_GLOBAL__N_117EvalQuantizedInt8EP13TfLiteContextP10TfLiteNodeRKNS0_6OpDataEPK16TfLiteEvalTensorSA_SA_PS8_.constprop.0
                0x000000000000d670      0x174 edge_impulse/src/edge_impulse_project-build/libedge_impulse.a(fully_connected.cc.o)
 .text._ZN6tflite12_GLOBAL__N_17PrepareEP13TfLiteContextP10TfLiteNode
                0x000000000000d7e4      0x198 edge_impulse/src/edge_impulse_project-build/libedge_impulse.a(fully_connected.cc.o)
 .text._ZN6tflite12_GLOBAL__N_14EvalEP13TfLiteContextP10TfLiteNode
                0x000000000000d97c      0x3bc edge_impulse/src/edge_impulse_project-build/libedge_impulse.a(fully_connected.cc.o)
 .text._ZN6tflite24Register_FULLY_CONNECTEDEv
                0x000000000000dd38       0x40 edge_impulse/src/edge_impulse_project-build/libedge_impulse.a(fully_connected.cc.o)
                0x000000000000dd38                tflite::Register_FULLY_CONNECTED()
 .text._ZN6tflite25FullyConnectedParamsFloatE21TfLiteFusedActivation
                0x000000000000dd78       0x3c edge_impulse/src/edge_impulse_project-build/libedge_impulse.a(fully_connected_common.cc.o)
                0x000000000000dd78                tflite::FullyConnectedParamsFloat(TfLiteFusedActivation)
 .text._ZN8gemmlowp33SaturatingRoundingDoublingHighMulIiEET_S1_S1_
                0x000000000000ddb4       0x48 edge_impulse/src/edge_impulse_project-build/libedge_impulse.a(softmax.cc.o)
                0x000000000000ddb4                int gemmlowp::SaturatingRoundingDoublingHighMul<int>(int, int)
 .text._ZN6tflite13reference_ops7SoftmaxERKNS_13SoftmaxParamsERKNS_12RuntimeShapeEPKfS6_Pf
                0x000000000000ddfc       0xec edge_impulse/src/edge_impulse_project-build/libedge_impulse.a(softmax.cc.o)
                0x000000000000ddfc                tflite::reference_ops::Softmax(tflite::SoftmaxParams const&, tflite::RuntimeShape const&, float const*, tflite::RuntimeShape const&, float*)
 .text._ZN6tflite16Register_SOFTMAXEv
                0x000000000000dee8       0x1c edge_impulse/src/edge_impulse_project-build/libedge_impulse.a(softmax.cc.o)
                0x000000000000dee8                tflite::Register_SOFTMAX()
 .text._ZN8gemmlowp19RoundingDivideByPOTIiEET_S1_i
                0x000000000000df04       0x4c edge_impulse/src/edge_impulse_project-build/libedge_impulse.a(softmax.cc.o)
                0x000000000000df04                int gemmlowp::RoundingDivideByPOT<int>(int, int)
 .text._ZN6tflite13reference_ops12SoftmaxInt16ERKNS_13SoftmaxParamsERKNS_12RuntimeShapeEPKsS6_Ps
                0x000000000000df50      0x1e4 edge_impulse/src/edge_impulse_project-build/libedge_impulse.a(softmax.cc.o)
                0x000000000000df50                tflite::reference_ops::SoftmaxInt16(tflite::SoftmaxParams const&, tflite::RuntimeShape const&, short const*, tflite::RuntimeShape const&, short*)
 .text._ZN8gemmlowp32one_over_one_plus_x_for_x_in_0_1IiEENS_10FixedPointIT_Li0EEES3_
                0x000000000000e134      0x114 edge_impulse/src/edge_impulse_project-build/libedge_impulse.a(softmax.cc.o)
                0x000000000000e134                gemmlowp::FixedPoint<int, 0> gemmlowp::one_over_one_plus_x_for_x_in_0_1<int>(gemmlowp::FixedPoint<int, 0>)
 .text._ZN8gemmlowp55exp_on_interval_between_negative_one_quarter_and_0_exclIiEENS_10FixedPointIT_Li0EEES3_
                0x000000000000e248       0x60 edge_impulse/src/edge_impulse_project-build/libedge_impulse.a(softmax.cc.o)
                0x000000000000e248                gemmlowp::FixedPoint<int, 0> gemmlowp::exp_on_interval_between_negative_one_quarter_and_0_excl<int>(gemmlowp::FixedPoint<int, 0>)
 .text._ZN8gemmlowp22exp_on_negative_valuesIiLi5EEENS_10FixedPointIT_Li0EEENS1_IS2_XT0_EEE
                0x000000000000e2a8      0x134 edge_impulse/src/edge_impulse_project-build/libedge_impulse.a(softmax.cc.o)
                0x000000000000e2a8                gemmlowp::FixedPoint<int, 0> gemmlowp::exp_on_negative_values<int, 5>(gemmlowp::FixedPoint<int, 5>)
 .text._ZN6tflite13reference_ops7SoftmaxIasEEvRKNS_13SoftmaxParamsERKNS_12RuntimeShapeEPKT_S7_PT0_
                0x000000000000e3dc      0x144 edge_impulse/src/edge_impulse_project-build/libedge_impulse.a(softmax.cc.o)
                0x000000000000e3dc                void tflite::reference_ops::Softmax<signed char, short>(tflite::SoftmaxParams const&, tflite::RuntimeShape const&, signed char const*, tflite::RuntimeShape const&, short*)
 .text._ZN6tflite12_GLOBAL__N_111SoftmaxEvalEP13TfLiteContextP10TfLiteNode
                0x000000000000e520      0x188 edge_impulse/src/edge_impulse_project-build/libedge_impulse.a(softmax.cc.o)
 .text._ZN6tflite7gen_lutEPFffEffPsi
                0x000000000000e6a8      0x160 edge_impulse/src/edge_impulse_project-build/libedge_impulse.a(softmax_common.cc.o)
                0x000000000000e6a8                tflite::gen_lut(float (*)(float), float, float, short*, int)
 .text.arm_radix8_butterfly_f32
                0x000000000000e808      0x4dc edge_impulse/src/edge_impulse_project-build/libedge_impulse.a(arm_cfft_radix8_f32.c.o)
                0x000000000000e808                arm_radix8_butterfly_f32
 .text.arm_softmax_s8
                0x000000000000ece4      0x8ac edge_impulse/src/edge_impulse_project-build/libedge_impulse.a(arm_softmax_s8.c.o)
                0x000000000000ece4                arm_softmax_s8
 .text.TfLiteTypeGetName
                0x000000000000f590       0x18 edge_impulse/src/edge_impulse_project-build/libedge_impulse.a(common.c.o)
                0x000000000000f590                TfLiteTypeGetName
 .text._ZN6tflite18QuantizeMultiplierEdPiS0_
                0x000000000000f5a8       0x84 edge_impulse/src/edge_impulse_project-build/libedge_impulse.a(quantization_util.cc.o)
                0x000000000000f5a8                tflite::QuantizeMultiplier(double, int*, int*)
 .text._ZN6tflite32QuantizeMultiplierGreaterThanOneEdPiS0_
                0x000000000000f62c       0x38 edge_impulse/src/edge_impulse_project-build/libedge_impulse.a(quantization_util.cc.o)
                0x000000000000f62c                tflite::QuantizeMultiplierGreaterThanOne(double, int*, int*)
 .text._ZN6tflite32GetQuantizedConvolutionMultiplerEP13TfLiteContextPK12TfLiteTensorS4_PS2_Pd
                0x000000000000f664       0x64 edge_impulse/src/edge_impulse_project-build/libedge_impulse.a(kernel_util_lite.cc.o)
                0x000000000000f664                tflite::GetQuantizedConvolutionMultipler(TfLiteContext*, TfLiteTensor const*, TfLiteTensor const*, TfLiteTensor*, double*)
 .text._ZN6tflite33CalculateActivationRangeQuantizedEP13TfLiteContext21TfLiteFusedActivationP12TfLiteTensorPiS5_
                0x000000000000f6c8       0xc4 edge_impulse/src/edge_impulse_project-build/libedge_impulse.a(kernel_util_lite.cc.o)
                0x000000000000f6c8                tflite::CalculateActivationRangeQuantized(TfLiteContext*, TfLiteFusedActivation, TfLiteTensor*, int*, int*)
 .text._ZSt15get_new_handlerv
                0x000000000000f78c        0xc /home/inventeaza/ncs/toolchains/v2.0.0/opt/zephyr-sdk/arm-zephyr-eabi/arm-zephyr-eabi/lib/thumb/v8-m.main+fp/hard/libstdc++_nano.a(new_handler.o)
                0x000000000000f78c                std::get_new_handler()
 .text.frexp    0x000000000000f798       0x70 /home/inventeaza/ncs/toolchains/v2.0.0/opt/zephyr-sdk/arm-zephyr-eabi/arm-zephyr-eabi/lib/thumb/v8-m.main+fp/hard/libm_nano.a(lib_a-s_frexp.o)
                0x000000000000f798                frexp
 .text.round    0x000000000000f808       0x8c /home/inventeaza/ncs/toolchains/v2.0.0/opt/zephyr-sdk/arm-zephyr-eabi/arm-zephyr-eabi/lib/thumb/v8-m.main+fp/hard/libm_nano.a(lib_a-s_round.o)
                0x000000000000f808                round
 .text.pow      0x000000000000f894      0x15c /home/inventeaza/ncs/toolchains/v2.0.0/opt/zephyr-sdk/arm-zephyr-eabi/arm-zephyr-eabi/lib/thumb/v8-m.main+fp/hard/libm_nano.a(lib_a-w_pow.o)
                0x000000000000f894                pow
 .text.sqrt     0x000000000000f9f0       0x68 /home/inventeaza/ncs/toolchains/v2.0.0/opt/zephyr-sdk/arm-zephyr-eabi/arm-zephyr-eabi/lib/thumb/v8-m.main+fp/hard/libm_nano.a(lib_a-w_sqrt.o)
                0x000000000000f9f0                sqrt
 .text.expf     0x000000000000fa58       0x7c /home/inventeaza/ncs/toolchains/v2.0.0/opt/zephyr-sdk/arm-zephyr-eabi/arm-zephyr-eabi/lib/thumb/v8-m.main+fp/hard/libm_nano.a(lib_a-wf_exp.o)
                0x000000000000fa58                expf
 .text.sqrtf    0x000000000000fad4       0x4c /home/inventeaza/ncs/toolchains/v2.0.0/opt/zephyr-sdk/arm-zephyr-eabi/arm-zephyr-eabi/lib/thumb/v8-m.main+fp/hard/libm_nano.a(lib_a-wf_sqrt.o)
                0x000000000000fad4                sqrtf
 .text.__ieee754_sqrt
                0x000000000000fb20      0x170 /home/inventeaza/ncs/toolchains/v2.0.0/opt/zephyr-sdk/arm-zephyr-eabi/arm-zephyr-eabi/lib/thumb/v8-m.main+fp/hard/libm_nano.a(lib_a-e_sqrt.o)
                0x000000000000fb20                __ieee754_sqrt
 .text.__ieee754_expf
                0x000000000000fc90      0x1a0 /home/inventeaza/ncs/toolchains/v2.0.0/opt/zephyr-sdk/arm-zephyr-eabi/arm-zephyr-eabi/lib/thumb/v8-m.main+fp/hard/libm_nano.a(lib_a-ef_exp.o)
                0x000000000000fc90                __ieee754_expf
 .text.rint     0x000000000000fe30      0x11c /home/inventeaza/ncs/toolchains/v2.0.0/opt/zephyr-sdk/arm-zephyr-eabi/arm-zephyr-eabi/lib/thumb/v8-m.main+fp/hard/libm_nano.a(lib_a-s_rint.o)
                0x000000000000fe30                rint
 .text.__assert_func
                0x000000000000ff4c       0x3c /home/inventeaza/ncs/toolchains/v2.0.0/opt/zephyr-sdk/arm-zephyr-eabi/arm-zephyr-eabi/lib/thumb/v8-m.main+fp/hard/libc_nano.a(lib_a-assert.o)
                0x000000000000ff4c                __assert_func
 .text.calloc   0x000000000000ff88       0x10 /home/inventeaza/ncs/toolchains/v2.0.0/opt/zephyr-sdk/arm-zephyr-eabi/arm-zephyr-eabi/lib/thumb/v8-m.main+fp/hard/libc_nano.a(lib_a-calloc.o)
                0x000000000000ff88                calloc
 .text.fprintf  0x000000000000ff98       0x24 /home/inventeaza/ncs/toolchains/v2.0.0/opt/zephyr-sdk/arm-zephyr-eabi/arm-zephyr-eabi/lib/thumb/v8-m.main+fp/hard/libc_nano.a(lib_a-fprintf.o)
                0x000000000000ff98                fprintf
                0x000000000000ff98                fiprintf
 .text.malloc   0x000000000000ffbc       0x10 /home/inventeaza/ncs/toolchains/v2.0.0/opt/zephyr-sdk/arm-zephyr-eabi/arm-zephyr-eabi/lib/thumb/v8-m.main+fp/hard/libc_nano.a(lib_a-malloc.o)
                0x000000000000ffbc                malloc
 .text.free     0x000000000000ffcc       0x10 /home/inventeaza/ncs/toolchains/v2.0.0/opt/zephyr-sdk/arm-zephyr-eabi/arm-zephyr-eabi/lib/thumb/v8-m.main+fp/hard/libc_nano.a(lib_a-malloc.o)
                0x000000000000ffcc                free
 .text._free_r  0x000000000000ffdc       0x98 /home/inventeaza/ncs/toolchains/v2.0.0/opt/zephyr-sdk/arm-zephyr-eabi/arm-zephyr-eabi/lib/thumb/v8-m.main+fp/hard/libc_nano.a(lib_a-nano-freer.o)
                0x000000000000ffdc                _free_r
 .text._malloc_r
                0x0000000000010074       0xb4 /home/inventeaza/ncs/toolchains/v2.0.0/opt/zephyr-sdk/arm-zephyr-eabi/arm-zephyr-eabi/lib/thumb/v8-m.main+fp/hard/libc_nano.a(lib_a-nano-mallocr.o)
                0x0000000000010074                _malloc_r
 .text._vfprintf_r
                0x0000000000010128      0x260 /home/inventeaza/ncs/toolchains/v2.0.0/opt/zephyr-sdk/arm-zephyr-eabi/arm-zephyr-eabi/lib/thumb/v8-m.main+fp/hard/libc_nano.a(lib_a-nano-vfprintf.o)
                0x0000000000010128                _vfiprintf_r
                0x0000000000010128                _vfprintf_r
 .text._printf_float
                0x0000000000010388      0x46c /home/inventeaza/ncs/toolchains/v2.0.0/opt/zephyr-sdk/arm-zephyr-eabi/arm-zephyr-eabi/lib/thumb/v8-m.main+fp/hard/libc_nano.a(lib_a-nano-vfprintf_float.o)
                0x0000000000010388                _printf_float
 .text._printf_i
                0x00000000000107f4      0x24c /home/inventeaza/ncs/toolchains/v2.0.0/opt/zephyr-sdk/arm-zephyr-eabi/arm-zephyr-eabi/lib/thumb/v8-m.main+fp/hard/libc_nano.a(lib_a-nano-vfprintf_i.o)
                0x00000000000107f4                _printf_i
 .text.printf   0x0000000000010a40       0x30 /home/inventeaza/ncs/toolchains/v2.0.0/opt/zephyr-sdk/arm-zephyr-eabi/arm-zephyr-eabi/lib/thumb/v8-m.main+fp/hard/libc_nano.a(lib_a-printf.o)
                0x0000000000010a40                printf
                0x0000000000010a40                iprintf
 .text._sbrk_r  0x0000000000010a70       0x20 /home/inventeaza/ncs/toolchains/v2.0.0/opt/zephyr-sdk/arm-zephyr-eabi/arm-zephyr-eabi/lib/thumb/v8-m.main+fp/hard/libc_nano.a(lib_a-sbrkr.o)
                0x0000000000010a70                _sbrk_r
 .text.raise    0x0000000000010a90       0x10 /home/inventeaza/ncs/toolchains/v2.0.0/opt/zephyr-sdk/arm-zephyr-eabi/arm-zephyr-eabi/lib/thumb/v8-m.main+fp/hard/libc_nano.a(lib_a-signal.o)
                0x0000000000010a90                raise
 .text._kill_r  0x0000000000010aa0       0x24 /home/inventeaza/ncs/toolchains/v2.0.0/opt/zephyr-sdk/arm-zephyr-eabi/arm-zephyr-eabi/lib/thumb/v8-m.main+fp/hard/libc_nano.a(lib_a-signalr.o)
                0x0000000000010aa0                _kill_r
 .text.strtod   0x0000000000010ac4       0x18 /home/inventeaza/ncs/toolchains/v2.0.0/opt/zephyr-sdk/arm-zephyr-eabi/arm-zephyr-eabi/lib/thumb/v8-m.main+fp/hard/libc_nano.a(lib_a-strtod.o)
                0x0000000000010ac4                strtod
 .text.vsnprintf
                0x0000000000010adc       0x1c /home/inventeaza/ncs/toolchains/v2.0.0/opt/zephyr-sdk/arm-zephyr-eabi/arm-zephyr-eabi/lib/thumb/v8-m.main+fp/hard/libc_nano.a(lib_a-vsnprintf.o)
                0x0000000000010adc                vsnprintf
                0x0000000000010adc                vsniprintf
 .text.__swbuf_r
                0x0000000000010af8       0xa4 /home/inventeaza/ncs/toolchains/v2.0.0/opt/zephyr-sdk/arm-zephyr-eabi/arm-zephyr-eabi/lib/thumb/v8-m.main+fp/hard/libc_nano.a(lib_a-wbuf.o)
                0x0000000000010af8                __swbuf_r
 .text.__swsetup_r
                0x0000000000010b9c       0xdc /home/inventeaza/ncs/toolchains/v2.0.0/opt/zephyr-sdk/arm-zephyr-eabi/arm-zephyr-eabi/lib/thumb/v8-m.main+fp/hard/libc_nano.a(lib_a-wsetup.o)
                0x0000000000010b9c                __swsetup_r
 .text.__sflush_r
                0x0000000000010c78      0x108 /home/inventeaza/ncs/toolchains/v2.0.0/opt/zephyr-sdk/arm-zephyr-eabi/arm-zephyr-eabi/lib/thumb/v8-m.main+fp/hard/libc_nano.a(lib_a-fflush.o)
                0x0000000000010c78                __sflush_r
 .text._fflush_r
                0x0000000000010d80       0x78 /home/inventeaza/ncs/toolchains/v2.0.0/opt/zephyr-sdk/arm-zephyr-eabi/arm-zephyr-eabi/lib/thumb/v8-m.main+fp/hard/libc_nano.a(lib_a-fflush.o)
                0x0000000000010d80                _fflush_r
 .text.std      0x0000000000010df8       0x48 /home/inventeaza/ncs/toolchains/v2.0.0/opt/zephyr-sdk/arm-zephyr-eabi/arm-zephyr-eabi/lib/thumb/v8-m.main+fp/hard/libc_nano.a(lib_a-findfp.o)
 .text._cleanup_r
                0x0000000000010e40        0xc /home/inventeaza/ncs/toolchains/v2.0.0/opt/zephyr-sdk/arm-zephyr-eabi/arm-zephyr-eabi/lib/thumb/v8-m.main+fp/hard/libc_nano.a(lib_a-findfp.o)
                0x0000000000010e40                _cleanup_r
 .text.__sfp_lock_acquire
                0x0000000000010e4c        0xc /home/inventeaza/ncs/toolchains/v2.0.0/opt/zephyr-sdk/arm-zephyr-eabi/arm-zephyr-eabi/lib/thumb/v8-m.main+fp/hard/libc_nano.a(lib_a-findfp.o)
                0x0000000000010e4c                __sfp_lock_acquire
 .text.__sfp_lock_release
                0x0000000000010e58        0xc /home/inventeaza/ncs/toolchains/v2.0.0/opt/zephyr-sdk/arm-zephyr-eabi/arm-zephyr-eabi/lib/thumb/v8-m.main+fp/hard/libc_nano.a(lib_a-findfp.o)
                0x0000000000010e58                __sfp_lock_release
 .text.__sinit_lock_acquire
                0x0000000000010e64        0xc /home/inventeaza/ncs/toolchains/v2.0.0/opt/zephyr-sdk/arm-zephyr-eabi/arm-zephyr-eabi/lib/thumb/v8-m.main+fp/hard/libc_nano.a(lib_a-findfp.o)
                0x0000000000010e64                __sinit_lock_acquire
 .text.__sinit_lock_release
                0x0000000000010e70        0xc /home/inventeaza/ncs/toolchains/v2.0.0/opt/zephyr-sdk/arm-zephyr-eabi/arm-zephyr-eabi/lib/thumb/v8-m.main+fp/hard/libc_nano.a(lib_a-findfp.o)
                0x0000000000010e70                __sinit_lock_release
 .text.__sinit  0x0000000000010e7c       0x70 /home/inventeaza/ncs/toolchains/v2.0.0/opt/zephyr-sdk/arm-zephyr-eabi/arm-zephyr-eabi/lib/thumb/v8-m.main+fp/hard/libc_nano.a(lib_a-findfp.o)
                0x0000000000010e7c                __sinit
 .text.__sfp    0x0000000000010eec       0x8c /home/inventeaza/ncs/toolchains/v2.0.0/opt/zephyr-sdk/arm-zephyr-eabi/arm-zephyr-eabi/lib/thumb/v8-m.main+fp/hard/libc_nano.a(lib_a-findfp.o)
                0x0000000000010eec                __sfp
 .text.__gethex
                0x0000000000010f78      0x48c /home/inventeaza/ncs/toolchains/v2.0.0/opt/zephyr-sdk/arm-zephyr-eabi/arm-zephyr-eabi/lib/thumb/v8-m.main+fp/hard/libc_nano.a(lib_a-gdtoa-gethex.o)
                0x0000000000010f78                __gethex
 .text._localeconv_r
                0x0000000000011404        0x8 /home/inventeaza/ncs/toolchains/v2.0.0/opt/zephyr-sdk/arm-zephyr-eabi/arm-zephyr-eabi/lib/thumb/v8-m.main+fp/hard/libc_nano.a(lib_a-localeconv.o)
                0x0000000000011404                _localeconv_r
 .text.__smakebuf_r
                0x000000000001140c       0x80 /home/inventeaza/ncs/toolchains/v2.0.0/opt/zephyr-sdk/arm-zephyr-eabi/arm-zephyr-eabi/lib/thumb/v8-m.main+fp/hard/libc_nano.a(lib_a-makebuf.o)
                0x000000000001140c                __smakebuf_r
 .text.__malloc_lock
                0x000000000001148c        0xc /home/inventeaza/ncs/toolchains/v2.0.0/opt/zephyr-sdk/arm-zephyr-eabi/arm-zephyr-eabi/lib/thumb/v8-m.main+fp/hard/libc_nano.a(lib_a-mlock.o)
                0x000000000001148c                __malloc_lock
 .text.__malloc_unlock
                0x0000000000011498        0xc /home/inventeaza/ncs/toolchains/v2.0.0/opt/zephyr-sdk/arm-zephyr-eabi/arm-zephyr-eabi/lib/thumb/v8-m.main+fp/hard/libc_nano.a(lib_a-mlock.o)
                0x0000000000011498                __malloc_unlock
 .text._Balloc  0x00000000000114a4       0x80 /home/inventeaza/ncs/toolchains/v2.0.0/opt/zephyr-sdk/arm-zephyr-eabi/arm-zephyr-eabi/lib/thumb/v8-m.main+fp/hard/libc_nano.a(lib_a-mprec.o)
                0x00000000000114a4                _Balloc
 .text._Bfree   0x0000000000011524       0x44 /home/inventeaza/ncs/toolchains/v2.0.0/opt/zephyr-sdk/arm-zephyr-eabi/arm-zephyr-eabi/lib/thumb/v8-m.main+fp/hard/libc_nano.a(lib_a-mprec.o)
                0x0000000000011524                _Bfree
 .text.__multadd
                0x0000000000011568       0x90 /home/inventeaza/ncs/toolchains/v2.0.0/opt/zephyr-sdk/arm-zephyr-eabi/arm-zephyr-eabi/lib/thumb/v8-m.main+fp/hard/libc_nano.a(lib_a-mprec.o)
                0x0000000000011568                __multadd
 .text.__s2b    0x00000000000115f8       0x94 /home/inventeaza/ncs/toolchains/v2.0.0/opt/zephyr-sdk/arm-zephyr-eabi/arm-zephyr-eabi/lib/thumb/v8-m.main+fp/hard/libc_nano.a(lib_a-mprec.o)
                0x00000000000115f8                __s2b
 .text.__i2b    0x000000000001168c       0x2c /home/inventeaza/ncs/toolchains/v2.0.0/opt/zephyr-sdk/arm-zephyr-eabi/arm-zephyr-eabi/lib/thumb/v8-m.main+fp/hard/libc_nano.a(lib_a-mprec.o)
                0x000000000001168c                __i2b
 .text.__multiply
                0x00000000000116b8      0x150 /home/inventeaza/ncs/toolchains/v2.0.0/opt/zephyr-sdk/arm-zephyr-eabi/arm-zephyr-eabi/lib/thumb/v8-m.main+fp/hard/libc_nano.a(lib_a-mprec.o)
                0x00000000000116b8                __multiply
 .text.__pow5mult
                0x0000000000011808       0xb4 /home/inventeaza/ncs/toolchains/v2.0.0/opt/zephyr-sdk/arm-zephyr-eabi/arm-zephyr-eabi/lib/thumb/v8-m.main+fp/hard/libc_nano.a(lib_a-mprec.o)
                0x0000000000011808                __pow5mult
 .text.__lshift
                0x00000000000118bc       0xe0 /home/inventeaza/ncs/toolchains/v2.0.0/opt/zephyr-sdk/arm-zephyr-eabi/arm-zephyr-eabi/lib/thumb/v8-m.main+fp/hard/libc_nano.a(lib_a-mprec.o)
                0x00000000000118bc                __lshift
 .text.__mdiff  0x000000000001199c      0x120 /home/inventeaza/ncs/toolchains/v2.0.0/opt/zephyr-sdk/arm-zephyr-eabi/arm-zephyr-eabi/lib/thumb/v8-m.main+fp/hard/libc_nano.a(lib_a-mprec.o)
                0x000000000001199c                __mdiff
 .text.__ulp    0x0000000000011abc       0x54 /home/inventeaza/ncs/toolchains/v2.0.0/opt/zephyr-sdk/arm-zephyr-eabi/arm-zephyr-eabi/lib/thumb/v8-m.main+fp/hard/libc_nano.a(lib_a-mprec.o)
                0x0000000000011abc                __ulp
 .text.__b2d    0x0000000000011b10       0xa0 /home/inventeaza/ncs/toolchains/v2.0.0/opt/zephyr-sdk/arm-zephyr-eabi/arm-zephyr-eabi/lib/thumb/v8-m.main+fp/hard/libc_nano.a(lib_a-mprec.o)
                0x0000000000011b10                __b2d
 .text.__d2b    0x0000000000011bb0       0xb8 /home/inventeaza/ncs/toolchains/v2.0.0/opt/zephyr-sdk/arm-zephyr-eabi/arm-zephyr-eabi/lib/thumb/v8-m.main+fp/hard/libc_nano.a(lib_a-mprec.o)
                0x0000000000011bb0                __d2b
 .text._svfprintf_r
                0x0000000000011c68      0x200 /home/inventeaza/ncs/toolchains/v2.0.0/opt/zephyr-sdk/arm-zephyr-eabi/arm-zephyr-eabi/lib/thumb/v8-m.main+fp/hard/libc_nano.a(lib_a-nano-svfprintf.o)
                0x0000000000011c68                _svfprintf_r
                0x0000000000011c68                _svfiprintf_r
 .text._write_r
                0x0000000000011e68       0x24 /home/inventeaza/ncs/toolchains/v2.0.0/opt/zephyr-sdk/arm-zephyr-eabi/arm-zephyr-eabi/lib/thumb/v8-m.main+fp/hard/libc_nano.a(lib_a-writer.o)
                0x0000000000011e68                _write_r
 .text._close_r
                0x0000000000011e8c       0x20 /home/inventeaza/ncs/toolchains/v2.0.0/opt/zephyr-sdk/arm-zephyr-eabi/arm-zephyr-eabi/lib/thumb/v8-m.main+fp/hard/libc_nano.a(lib_a-closer.o)
                0x0000000000011e8c                _close_r
 .text._fstat_r
                0x0000000000011eac       0x24 /home/inventeaza/ncs/toolchains/v2.0.0/opt/zephyr-sdk/arm-zephyr-eabi/arm-zephyr-eabi/lib/thumb/v8-m.main+fp/hard/libc_nano.a(lib_a-fstatr.o)
                0x0000000000011eac                _fstat_r
 .text._isatty_r
                0x0000000000011ed0       0x20 /home/inventeaza/ncs/toolchains/v2.0.0/opt/zephyr-sdk/arm-zephyr-eabi/arm-zephyr-eabi/lib/thumb/v8-m.main+fp/hard/libc_nano.a(lib_a-isattyr.o)
                0x0000000000011ed0                _isatty_r
 .text._lseek_r
                0x0000000000011ef0       0x24 /home/inventeaza/ncs/toolchains/v2.0.0/opt/zephyr-sdk/arm-zephyr-eabi/arm-zephyr-eabi/lib/thumb/v8-m.main+fp/hard/libc_nano.a(lib_a-lseekr.o)
                0x0000000000011ef0                _lseek_r
 .text._read_r  0x0000000000011f14       0x24 /home/inventeaza/ncs/toolchains/v2.0.0/opt/zephyr-sdk/arm-zephyr-eabi/arm-zephyr-eabi/lib/thumb/v8-m.main+fp/hard/libc_nano.a(lib_a-readr.o)
                0x0000000000011f14                _read_r
 .text.nrf_cc3xx_platform_init_no_rng
                0x0000000000011f38       0x38 /home/inventeaza/ncs/v2.0.0/nrfxlib/crypto/nrf_cc312_platform/lib/cortex-m33/hard-float/no-interrupts/libnrf_cc312_platform_0.9.14.a(nrf_cc3xx_platform.c.obj)
                0x0000000000011f38                nrf_cc3xx_platform_init_no_rng
 .text.nrf_cc3xx_platform_abort
                0x0000000000011f70       0x24 /home/inventeaza/ncs/v2.0.0/nrfxlib/crypto/nrf_cc312_platform/lib/cortex-m33/hard-float/no-interrupts/libnrf_cc312_platform_0.9.14.a(nrf_cc3xx_platform_abort.c.obj)
 .text.CC_PalAbort
                0x0000000000011f94       0x44 /home/inventeaza/ncs/v2.0.0/nrfxlib/crypto/nrf_cc312_platform/lib/cortex-m33/hard-float/no-interrupts/libnrf_cc312_platform_0.9.14.a(nrf_cc3xx_platform_abort.c.obj)
                0x0000000000011f94                CC_PalAbort
 .text.nrf_cc3xx_platform_set_abort
                0x0000000000011fd8       0x10 /home/inventeaza/ncs/v2.0.0/nrfxlib/crypto/nrf_cc312_platform/lib/cortex-m33/hard-float/no-interrupts/libnrf_cc312_platform_0.9.14.a(nrf_cc3xx_platform_abort.c.obj)
                0x0000000000011fd8                nrf_cc3xx_platform_set_abort
 .text.mutex_free
                0x0000000000011fe8       0x28 /home/inventeaza/ncs/v2.0.0/nrfxlib/crypto/nrf_cc312_platform/lib/cortex-m33/hard-float/no-interrupts/libnrf_cc312_platform_0.9.14.a(nrf_cc3xx_platform_mutex.c.obj)
 .text.mutex_lock
                0x0000000000012010       0x40 /home/inventeaza/ncs/v2.0.0/nrfxlib/crypto/nrf_cc312_platform/lib/cortex-m33/hard-float/no-interrupts/libnrf_cc312_platform_0.9.14.a(nrf_cc3xx_platform_mutex.c.obj)
 .text.mutex_unlock
                0x0000000000012050       0x30 /home/inventeaza/ncs/v2.0.0/nrfxlib/crypto/nrf_cc312_platform/lib/cortex-m33/hard-float/no-interrupts/libnrf_cc312_platform_0.9.14.a(nrf_cc3xx_platform_mutex.c.obj)
 .text.mutex_init
                0x0000000000012080       0x1c /home/inventeaza/ncs/v2.0.0/nrfxlib/crypto/nrf_cc312_platform/lib/cortex-m33/hard-float/no-interrupts/libnrf_cc312_platform_0.9.14.a(nrf_cc3xx_platform_mutex.c.obj)
 .text.nrf_cc3xx_platform_set_mutexes
                0x000000000001209c       0x64 /home/inventeaza/ncs/v2.0.0/nrfxlib/crypto/nrf_cc312_platform/lib/cortex-m33/hard-float/no-interrupts/libnrf_cc312_platform_0.9.14.a(nrf_cc3xx_platform_mutex.c.obj)
                0x000000000001209c                nrf_cc3xx_platform_set_mutexes
 .text.CC_LibInitNoRng
                0x0000000000012100       0x28 /home/inventeaza/ncs/v2.0.0/nrfxlib/crypto/nrf_cc312_platform/lib/cortex-m33/hard-float/no-interrupts/libnrf_cc312_platform_0.9.14.a(cc_lib.c.obj)
                0x0000000000012100                CC_LibInitNoRng
 .text.CC_HalInit
                0x0000000000012128        0x4 /home/inventeaza/ncs/v2.0.0/nrfxlib/crypto/nrf_cc312_platform/lib/cortex-m33/hard-float/no-interrupts/libnrf_cc312_platform_0.9.14.a(cc_hal.c.obj)
                0x0000000000012128                CC_HalInit
 .text.CC_PalInit
                0x000000000001212c       0x5c /home/inventeaza/ncs/v2.0.0/nrfxlib/crypto/nrf_cc312_platform/lib/cortex-m33/hard-float/no-interrupts/libnrf_cc312_platform_0.9.14.a(cc_pal.c.obj)
                0x000000000001212c                CC_PalInit
 .text.CC_PalTerminate
                0x0000000000012188       0x34 /home/inventeaza/ncs/v2.0.0/nrfxlib/crypto/nrf_cc312_platform/lib/cortex-m33/hard-float/no-interrupts/libnrf_cc312_platform_0.9.14.a(cc_pal.c.obj)
                0x0000000000012188                CC_PalTerminate
 .text.CC_PalDmaInit
                0x00000000000121bc        0x4 /home/inventeaza/ncs/v2.0.0/nrfxlib/crypto/nrf_cc312_platform/lib/cortex-m33/hard-float/no-interrupts/libnrf_cc312_platform_0.9.14.a(cc_pal_dma.c.obj)
                0x00000000000121bc                CC_PalDmaInit
 .text.CC_PalDmaTerminate
                0x00000000000121c0        0x4 /home/inventeaza/ncs/v2.0.0/nrfxlib/crypto/nrf_cc312_platform/lib/cortex-m33/hard-float/no-interrupts/libnrf_cc312_platform_0.9.14.a(cc_pal_dma.c.obj)
                0x00000000000121c0                CC_PalDmaTerminate
 .text.CC_PalMutexCreate
                0x00000000000121c4       0x14 /home/inventeaza/ncs/v2.0.0/nrfxlib/crypto/nrf_cc312_platform/lib/cortex-m33/hard-float/no-interrupts/libnrf_cc312_platform_0.9.14.a(cc_pal_mutex.c.obj)
                0x00000000000121c4                CC_PalMutexCreate
 .text.CC_PalMutexDestroy
                0x00000000000121d8       0x14 /home/inventeaza/ncs/v2.0.0/nrfxlib/crypto/nrf_cc312_platform/lib/cortex-m33/hard-float/no-interrupts/libnrf_cc312_platform_0.9.14.a(cc_pal_mutex.c.obj)
                0x00000000000121d8                CC_PalMutexDestroy
 .text.CC_PalPowerSaveModeInit
                0x00000000000121ec       0x3c /home/inventeaza/ncs/v2.0.0/nrfxlib/crypto/nrf_cc312_platform/lib/cortex-m33/hard-float/no-interrupts/libnrf_cc312_platform_0.9.14.a(cc_pal_pm.c.obj)
                0x00000000000121ec                CC_PalPowerSaveModeInit
 .text.sys_notify_validate
                0x0000000000012228       0x22 zephyr/libzephyr.a(notify.c.obj)
                0x0000000000012228                sys_notify_validate
 .text.sys_notify_finalize
                0x000000000001224a       0x18 zephyr/libzephyr.a(notify.c.obj)
                0x000000000001224a                sys_notify_finalize
 .text.arch_printk_char_out
                0x0000000000012262        0x4 zephyr/libzephyr.a(printk.c.obj)
                0x0000000000012262                arch_printk_char_out
 .text.printk   0x0000000000012266       0x1a zephyr/libzephyr.a(printk.c.obj)
                0x0000000000012266                printk
 .text.process_recheck
                0x0000000000012280       0x38 zephyr/libzephyr.a(onoff.c.obj)
 .text.notify_one
                0x00000000000122b8       0x2c zephyr/libzephyr.a(onoff.c.obj)
 .text.transition_complete
                0x00000000000122e4       0x1e zephyr/libzephyr.a(onoff.c.obj)
 .text.validate_args
                0x0000000000012302       0x1e zephyr/libzephyr.a(onoff.c.obj)
 .text.onoff_manager_init
                0x0000000000012320       0x26 zephyr/libzephyr.a(onoff.c.obj)
                0x0000000000012320                onoff_manager_init
 .text.onoff_request
                0x0000000000012346       0x92 zephyr/libzephyr.a(onoff.c.obj)
                0x0000000000012346                onoff_request
 .text.onoff_sync_lock
                0x00000000000123d8       0x16 zephyr/libzephyr.a(onoff.c.obj)
                0x00000000000123d8                onoff_sync_lock
 .text.onoff_sync_finalize
                0x00000000000123ee       0x42 zephyr/libzephyr.a(onoff.c.obj)
                0x00000000000123ee                onoff_sync_finalize
 .text.z_thread_entry
                0x0000000000012430       0x14 zephyr/libzephyr.a(thread_entry.c.obj)
                0x0000000000012430                z_thread_entry
 .text._ldiv5   0x0000000000012444       0x30 zephyr/libzephyr.a(cbprintf_complete.c.obj)
 .text._get_digit
                0x0000000000012474       0x2e zephyr/libzephyr.a(cbprintf_complete.c.obj)
 .text.outs     0x00000000000124a2       0x32 zephyr/libzephyr.a(cbprintf_complete.c.obj)
 .text._ConfigAbsSyms
                0x00000000000124d4        0x2 zephyr/libzephyr.a(configs.c.obj)
                0x00000000000124d4                _ConfigAbsSyms
 .text.pm_state_exit_post_ops
                0x00000000000124d6        0xc zephyr/libzephyr.a(power.c.obj)
                0x00000000000124d6                pm_state_exit_post_ops
 .text.z_cpp_init_static
                0x00000000000124e2        0xe zephyr/libzephyr.a(cpp_init.c.obj)
                0x00000000000124e2                z_cpp_init_static
 .text.__cxa_atexit
                0x00000000000124f0        0x4 zephyr/libzephyr.a(cpp_dtors.c.obj)
                0x00000000000124f0                __cxa_atexit
 .text.abort_function
                0x00000000000124f4        0x8 zephyr/libzephyr.a(nrf_cc3xx_platform_abort_zephyr.c.obj)
 .text.z_arm_fatal_error
                0x00000000000124fc        0x4 zephyr/arch/arch/arm/core/aarch32/libarch__arm__core__aarch32.a(fatal.c.obj)
                0x00000000000124fc                z_arm_fatal_error
 .text.z_do_kernel_oops
                0x0000000000012500        0x8 zephyr/arch/arch/arm/core/aarch32/libarch__arm__core__aarch32.a(fatal.c.obj)
                0x0000000000012500                z_do_kernel_oops
 .text.z_irq_spurious
                0x0000000000012508        0x8 zephyr/arch/arch/arm/core/aarch32/libarch__arm__core__aarch32.a(irq_manage.c.obj)
                0x0000000000012508                z_irq_spurious
 .text.z_arm_nmi
                0x0000000000012510        0xe zephyr/arch/arch/arm/core/aarch32/libarch__arm__core__aarch32.a(nmi.c.obj)
                0x0000000000012510                z_arm_nmi
 .text.configure_builtin_stack_guard
                0x000000000001251e        0x8 zephyr/arch/arch/arm/core/aarch32/libarch__arm__core__aarch32.a(thread.c.obj)
                0x000000000001251e                configure_builtin_stack_guard
 .text.__aeabi_atexit
                0x0000000000012526        0xa zephyr/arch/arch/arm/core/aarch32/libarch__arm__core__aarch32.a(__aeabi_atexit.c.obj)
                0x0000000000012526                __aeabi_atexit
 .text.arm_cmse_mpu_region_get
                0x0000000000012530       0x14 zephyr/arch/arch/arm/core/aarch32/cortex_m/cmse/libarch__arm__core__aarch32__cortex_m__cmse.a(arm_core_cmse.c.obj)
                0x0000000000012530                arm_cmse_mpu_region_get
 .text.mpu_configure_region
                0x0000000000012544       0x3a zephyr/arch/arch/arm/core/aarch32/mpu/libarch__arm__core__aarch32__mpu.a(arm_mpu.c.obj)
 .text.malloc_prepare
                0x000000000001257e        0x4 zephyr/lib/libc/newlib/liblib__libc__newlib.a(libc-hooks.c.obj)
 .text._stdout_hook_default
                0x0000000000012582        0x6 zephyr/lib/libc/newlib/liblib__libc__newlib.a(libc-hooks.c.obj)
 .text._stdin_hook_default
                0x0000000000012588        0x4 zephyr/lib/libc/newlib/liblib__libc__newlib.a(libc-hooks.c.obj)
 .text._read    0x000000000001258c        0x8 zephyr/lib/libc/newlib/liblib__libc__newlib.a(libc-hooks.c.obj)